../USB_HOST/Target/usbh_conf.c:64:6:HAL_HCD_MspInit	184	static
../USB_HOST/Target/usbh_conf.c:150:6:HAL_HCD_MspDeInit	8	static
../USB_HOST/Target/usbh_conf.c:207:6:HAL_HCD_SOF_Callback	0	static
../USB_HOST/Target/usbh_conf.c:217:6:HAL_HCD_Connect_Callback	0	static
../USB_HOST/Target/usbh_conf.c:227:6:HAL_HCD_Disconnect_Callback	0	static
../USB_HOST/Target/usbh_conf.c:239:6:HAL_HCD_HC_NotifyURBChange_Callback	0	static
../USB_HOST/Target/usbh_conf.c:251:6:HAL_HCD_PortEnabled_Callback	0	static
../USB_HOST/Target/usbh_conf.c:261:6:HAL_HCD_PortDisabled_Callback	0	static
../USB_HOST/Target/usbh_conf.c:275:20:USBH_LL_Init	8	static
../USB_HOST/Target/usbh_conf.c:376:19:USBH_LL_GetSpeed	8	static
../USB_HOST/Target/usbh_conf.c:424:10:USBH_LL_GetLastXferSize	0	static
../USB_HOST/Target/usbh_conf.c:528:22:USBH_LL_GetURBState	0	static
../USB_HOST/Target/usbh_conf.c:542:20:USBH_LL_DriverVBUS	8	static
../USB_HOST/Target/usbh_conf.c:598:20:USBH_LL_SetToggle	0	static
../USB_HOST/Target/usbh_conf.c:621:9:USBH_LL_GetToggle	0	static
../USB_HOST/Target/usbh_conf.c:643:6:USBH_Delay	0	static
../USB_HOST/Target/usbh_conf.c:653:20:USBH_Get_USB_Status	0	static
../USB_HOST/Target/usbh_conf.c:325:20:USBH_LL_DeInit	8	static
../USB_HOST/Target/usbh_conf.c:342:20:USBH_LL_Start	8	static
../USB_HOST/Target/usbh_conf.c:359:20:USBH_LL_Stop	8	static
../USB_HOST/Target/usbh_conf.c:406:20:USBH_LL_ResetPort	8	static
../USB_HOST/Target/usbh_conf.c:440:20:USBH_LL_OpenPipe	32	static
../USB_HOST/Target/usbh_conf.c:460:20:USBH_LL_ClosePipe	8	static
../USB_HOST/Target/usbh_conf.c:499:20:USBH_LL_SubmitURB	32	static
