../Middlewares/ST/STM32_USB_Host_Library/Class/HID/Src/usbh_hid.c:137:27:USBH_HID_InterfaceInit	64	static
../Middlewares/ST/STM32_USB_Host_Library/Class/HID/Src/usbh_hid.c:374:27:USBH_HID_InterfaceDeInit	24	static
../Middlewares/ST/STM32_USB_Host_Library/Class/HID/Src/usbh_hid.c:416:6:USBH_HID_NextInterface	16	static
../Middlewares/ST/STM32_USB_Host_Library/Class/HID/Src/usbh_hid.c:424:27:USBH_HID_ClassRequest	16	static
../Middlewares/ST/STM32_USB_Host_Library/Class/HID/Src/usbh_hid.c:435:27:USBH_HID_Process	32	static
../Middlewares/ST/STM32_USB_Host_Library/Class/HID/Src/usbh_hid.c:502:27:USBH_HID_SOFProcess	24	static
../Middlewares/ST/STM32_USB_Host_Library/Class/HID/Src/usbh_hid.c:523:20:USBH_HID_GetHIDReportDescriptor	32	static
../Middlewares/ST/STM32_USB_Host_Library/Class/HID/Src/usbh_hid.c:549:20:USBH_HID_GetHIDDescriptor	32	static
../Middlewares/ST/STM32_USB_Host_Library/Class/HID/Src/usbh_hid.c:568:20:USBH_HID_SetIdle	16	static
../Middlewares/ST/STM32_USB_Host_Library/Class/HID/Src/usbh_hid.c:595:20:USBH_HID_SetReport	24	static
../Middlewares/ST/STM32_USB_Host_Library/Class/HID/Src/usbh_hid.c:623:20:USBH_HID_GetReport	24	static
../Middlewares/ST/STM32_USB_Host_Library/Class/HID/Src/usbh_hid.c:648:20:USBH_HID_SetProtocol	16	static
../Middlewares/ST/STM32_USB_Host_Library/Class/HID/Src/usbh_hid.c:666:20:USBH_HID_GetProtocol	16	static
../Middlewares/ST/STM32_USB_Host_Library/Class/HID/Src/usbh_hid.c:689:6:USBH_HID_ParseHIDDesc	16	static
../Middlewares/ST/STM32_USB_Host_Library/Class/HID/Src/usbh_hid.c:706:17:USBH_HID_GetDeviceType	24	static
../Middlewares/ST/STM32_USB_Host_Library/Class/HID/Src/usbh_hid.c:730:9:USBH_HID_GetPollInterval	24	static
../Middlewares/ST/STM32_USB_Host_Library/Class/HID/Src/usbh_hid.c:751:6:USBH_HID_FifoInit	24	static
../Middlewares/ST/STM32_USB_Host_Library/Class/HID/Src/usbh_hid.c:767:10:USBH_HID_FifoRead	32	static
../Middlewares/ST/STM32_USB_Host_Library/Class/HID/Src/usbh_hid.c:804:10:USBH_HID_FifoWrite	32	static
../Middlewares/ST/STM32_USB_Host_Library/Class/HID/Src/usbh_hid.c:839:13:USBH_HID_EventCallback	16	static
