../Middlewares/ST/STM32_USB_Host_Library/Class/HID/Src/usbh_hid.c:438:27:USBH_HID_ClassRequest	0	static
../Middlewares/ST/STM32_USB_Host_Library/Class/HID/Src/usbh_hid.c:388:27:USBH_HID_InterfaceDeInit	24	static
../Middlewares/ST/STM32_USB_Host_Library/Class/HID/Src/usbh_hid.c:430:6:USBH_HID_NextInterface	0	static
../Middlewares/ST/STM32_USB_Host_Library/Class/HID/Src/usbh_hid.c:516:27:USBH_HID_SOFProcess	8	static
../Middlewares/ST/STM32_USB_Host_Library/Class/HID/Src/usbh_hid.c:537:20:USBH_HID_GetHIDReportDescriptor	16	static
../Middlewares/ST/STM32_USB_Host_Library/Class/HID/Src/usbh_hid.c:563:20:USBH_HID_GetHIDDescriptor	16	static
../Middlewares/ST/STM32_USB_Host_Library/Class/HID/Src/usbh_hid.c:582:20:USBH_HID_SetIdle	8	static
../Middlewares/ST/STM32_USB_Host_Library/Class/HID/Src/usbh_hid.c:609:20:USBH_HID_SetReport	8	static
../Middlewares/ST/STM32_USB_Host_Library/Class/HID/Src/usbh_hid.c:637:20:USBH_HID_GetReport	8	static
../Middlewares/ST/STM32_USB_Host_Library/Class/HID/Src/usbh_hid.c:662:20:USBH_HID_SetProtocol	4	static
../Middlewares/ST/STM32_USB_Host_Library/Class/HID/Src/usbh_hid.c:680:20:USBH_HID_GetProtocol	16	static
../Middlewares/ST/STM32_USB_Host_Library/Class/HID/Src/usbh_hid.c:703:6:USBH_HID_ParseHIDDesc	0	static
../Middlewares/ST/STM32_USB_Host_Library/Class/HID/Src/usbh_hid.c:151:27:USBH_HID_InterfaceInit	48	static
../Middlewares/ST/STM32_USB_Host_Library/Class/HID/Src/usbh_hid.c:720:17:USBH_HID_GetDeviceType	0	static
../Middlewares/ST/STM32_USB_Host_Library/Class/HID/Src/usbh_hid.c:744:9:USBH_HID_GetPollInterval	0	static
../Middlewares/ST/STM32_USB_Host_Library/Class/HID/Src/usbh_hid.c:765:6:USBH_HID_FifoInit	0	static
../Middlewares/ST/STM32_USB_Host_Library/Class/HID/Src/usbh_hid.c:781:10:USBH_HID_FifoRead	20	static
../Middlewares/ST/STM32_USB_Host_Library/Class/HID/Src/usbh_hid.c:818:10:USBH_HID_FifoWrite	20	static
../Middlewares/ST/STM32_USB_Host_Library/Class/HID/Src/usbh_hid.c:853:13:USBH_HID_EventCallback	0	static
../Middlewares/ST/STM32_USB_Host_Library/Class/HID/Src/usbh_hid.c:449:27:USBH_HID_Process	16	static
