stm32f7xx_ll_gpio.h:771:26:LL_GPIO_ReadInputPort	16	static
stm32f7xx_ll_gpio.h:812:22:LL_GPIO_WriteOutputPort	16	static
stm32f7xx_ll_gpio.h:823:26:LL_GPIO_ReadOutputPort	16	static
stm32f7xx_ll_exti.h:830:26:LL_EXTI_IsActiveFlag_0_31	16	static
stm32f7xx_ll_exti.h:904:22:LL_EXTI_ClearFlag_0_31	16	static
msx.c:14:6:USB_Keyboard_LED	32	static
msx.c:29:6:InitMSXKeyboard	8	static
msx.c:37:6:ProcessMSXKey	24	static
msx.c:49:6:ProcessMSXKeyboard	32	static
msx.c:130:6:ProcessIRQ	16	static
msx.c:140:6:EXTI0_IRQHandler	8	static
