../Drivers/STM32F7xx_HAL_Driver/Inc/stm32f7xx_ll_gpio.h:771:26:LL_GPIO_ReadInputPort	16	static
../Drivers/STM32F7xx_HAL_Driver/Inc/stm32f7xx_ll_gpio.h:812:22:LL_GPIO_WriteOutputPort	16	static
../Drivers/STM32F7xx_HAL_Driver/Inc/stm32f7xx_ll_gpio.h:823:26:LL_GPIO_ReadOutputPort	16	static
../Drivers/STM32F7xx_HAL_Driver/Inc/stm32f7xx_ll_exti.h:830:26:LL_EXTI_IsActiveFlag_0_31	16	static
../Drivers/STM32F7xx_HAL_Driver/Inc/stm32f7xx_ll_exti.h:904:22:LL_EXTI_ClearFlag_0_31	16	static
../Core/Src/msx.c:10:6:InitMSXKeyboard	8	static
../Core/Src/msx.c:18:6:ProcessMSXKey	24	static
../Core/Src/msx.c:30:6:ProcessMSXKeyboard	24	static
../Core/Src/msx.c:77:6:ProcessIRQ	16	static
../Core/Src/msx.c:87:6:EXTI0_IRQHandler	8	static
