Archive member included to satisfy reference by file (symbol)

/opt/st/stm32cubeide_1.11.2/plugins/com.st.stm32cube.ide.mcu.externaltools.gnu-tools-for-stm32.10.3-2021.10.linux64_1.0.200.202301161003/tools/bin/../lib/gcc/arm-none-eabi/10.3.1/../../../../arm-none-eabi/lib/thumb/v7e-m+fp/hard/libc_nano.a(lib_a-errno.o)
                              ./Core/Src/syscalls.o (__errno)
/opt/st/stm32cubeide_1.11.2/plugins/com.st.stm32cube.ide.mcu.externaltools.gnu-tools-for-stm32.10.3-2021.10.linux64_1.0.200.202301161003/tools/bin/../lib/gcc/arm-none-eabi/10.3.1/../../../../arm-none-eabi/lib/thumb/v7e-m+fp/hard/libc_nano.a(lib_a-exit.o)
                              /opt/st/stm32cubeide_1.11.2/plugins/com.st.stm32cube.ide.mcu.externaltools.gnu-tools-for-stm32.10.3-2021.10.linux64_1.0.200.202301161003/tools/bin/../lib/gcc/arm-none-eabi/10.3.1/../../../../arm-none-eabi/lib/thumb/v7e-m+fp/hard/crt0.o (exit)
/opt/st/stm32cubeide_1.11.2/plugins/com.st.stm32cube.ide.mcu.externaltools.gnu-tools-for-stm32.10.3-2021.10.linux64_1.0.200.202301161003/tools/bin/../lib/gcc/arm-none-eabi/10.3.1/../../../../arm-none-eabi/lib/thumb/v7e-m+fp/hard/libc_nano.a(lib_a-impure.o)
                              /opt/st/stm32cubeide_1.11.2/plugins/com.st.stm32cube.ide.mcu.externaltools.gnu-tools-for-stm32.10.3-2021.10.linux64_1.0.200.202301161003/tools/bin/../lib/gcc/arm-none-eabi/10.3.1/../../../../arm-none-eabi/lib/thumb/v7e-m+fp/hard/libc_nano.a(lib_a-exit.o) (_global_impure_ptr)
/opt/st/stm32cubeide_1.11.2/plugins/com.st.stm32cube.ide.mcu.externaltools.gnu-tools-for-stm32.10.3-2021.10.linux64_1.0.200.202301161003/tools/bin/../lib/gcc/arm-none-eabi/10.3.1/../../../../arm-none-eabi/lib/thumb/v7e-m+fp/hard/libc_nano.a(lib_a-init.o)
                              /opt/st/stm32cubeide_1.11.2/plugins/com.st.stm32cube.ide.mcu.externaltools.gnu-tools-for-stm32.10.3-2021.10.linux64_1.0.200.202301161003/tools/bin/../lib/gcc/arm-none-eabi/10.3.1/../../../../arm-none-eabi/lib/thumb/v7e-m+fp/hard/crt0.o (__libc_init_array)
/opt/st/stm32cubeide_1.11.2/plugins/com.st.stm32cube.ide.mcu.externaltools.gnu-tools-for-stm32.10.3-2021.10.linux64_1.0.200.202301161003/tools/bin/../lib/gcc/arm-none-eabi/10.3.1/../../../../arm-none-eabi/lib/thumb/v7e-m+fp/hard/libc_nano.a(lib_a-malloc.o)
                              ./Middlewares/ST/STM32_USB_Host_Library/Class/HID/Src/usbh_hid.o (malloc)
/opt/st/stm32cubeide_1.11.2/plugins/com.st.stm32cube.ide.mcu.externaltools.gnu-tools-for-stm32.10.3-2021.10.linux64_1.0.200.202301161003/tools/bin/../lib/gcc/arm-none-eabi/10.3.1/../../../../arm-none-eabi/lib/thumb/v7e-m+fp/hard/libc_nano.a(lib_a-memset.o)
                              /opt/st/stm32cubeide_1.11.2/plugins/com.st.stm32cube.ide.mcu.externaltools.gnu-tools-for-stm32.10.3-2021.10.linux64_1.0.200.202301161003/tools/bin/../lib/gcc/arm-none-eabi/10.3.1/../../../../arm-none-eabi/lib/thumb/v7e-m+fp/hard/crt0.o (memset)
/opt/st/stm32cubeide_1.11.2/plugins/com.st.stm32cube.ide.mcu.externaltools.gnu-tools-for-stm32.10.3-2021.10.linux64_1.0.200.202301161003/tools/bin/../lib/gcc/arm-none-eabi/10.3.1/../../../../arm-none-eabi/lib/thumb/v7e-m+fp/hard/libc_nano.a(lib_a-nano-freer.o)
                              /opt/st/stm32cubeide_1.11.2/plugins/com.st.stm32cube.ide.mcu.externaltools.gnu-tools-for-stm32.10.3-2021.10.linux64_1.0.200.202301161003/tools/bin/../lib/gcc/arm-none-eabi/10.3.1/../../../../arm-none-eabi/lib/thumb/v7e-m+fp/hard/libc_nano.a(lib_a-malloc.o) (_free_r)
/opt/st/stm32cubeide_1.11.2/plugins/com.st.stm32cube.ide.mcu.externaltools.gnu-tools-for-stm32.10.3-2021.10.linux64_1.0.200.202301161003/tools/bin/../lib/gcc/arm-none-eabi/10.3.1/../../../../arm-none-eabi/lib/thumb/v7e-m+fp/hard/libc_nano.a(lib_a-nano-mallocr.o)
                              /opt/st/stm32cubeide_1.11.2/plugins/com.st.stm32cube.ide.mcu.externaltools.gnu-tools-for-stm32.10.3-2021.10.linux64_1.0.200.202301161003/tools/bin/../lib/gcc/arm-none-eabi/10.3.1/../../../../arm-none-eabi/lib/thumb/v7e-m+fp/hard/libc_nano.a(lib_a-malloc.o) (_malloc_r)
/opt/st/stm32cubeide_1.11.2/plugins/com.st.stm32cube.ide.mcu.externaltools.gnu-tools-for-stm32.10.3-2021.10.linux64_1.0.200.202301161003/tools/bin/../lib/gcc/arm-none-eabi/10.3.1/../../../../arm-none-eabi/lib/thumb/v7e-m+fp/hard/libc_nano.a(lib_a-sbrkr.o)
                              /opt/st/stm32cubeide_1.11.2/plugins/com.st.stm32cube.ide.mcu.externaltools.gnu-tools-for-stm32.10.3-2021.10.linux64_1.0.200.202301161003/tools/bin/../lib/gcc/arm-none-eabi/10.3.1/../../../../arm-none-eabi/lib/thumb/v7e-m+fp/hard/libc_nano.a(lib_a-nano-mallocr.o) (_sbrk_r)
/opt/st/stm32cubeide_1.11.2/plugins/com.st.stm32cube.ide.mcu.externaltools.gnu-tools-for-stm32.10.3-2021.10.linux64_1.0.200.202301161003/tools/bin/../lib/gcc/arm-none-eabi/10.3.1/../../../../arm-none-eabi/lib/thumb/v7e-m+fp/hard/libc_nano.a(lib_a-mlock.o)
[...]
Memory Configuration

Name             Origin             Length             Attributes
RAM              0x0000000020000000 0x0000000000040000 xrw
FLASH            0x0000000008000000 0x0000000000010000 xr
*default*        0x0000000000000000 0xffffffffffffffff

Linker script and memory map

LOAD /opt/st/stm32cubeide_1.11.2/plugins/com.st.stm32cube.ide.mcu.externaltools.gnu-tools-for-stm32.10.3-2021.10.linux64_1.0.200.202301161003/tools/bin/../lib/gcc/arm-none-eabi/10.3.1/thumb/v7e-m+fp/hard/crti.o
LOAD /opt/st/stm32cubeide_1.11.2/plugins/com.st.stm32cube.ide.mcu.externaltools.gnu-tools-for-stm32.10.3-2021.10.linux64_1.0.200.202301161003/tools/bin/../lib/gcc/arm-none-eabi/10.3.1/thumb/v7e-m+fp/hard/crtbegin.o
LOAD /opt/st/stm32cubeide_1.11.2/plugins/com.st.stm32cube.ide.mcu.externaltools.gnu-tools-for-stm32.10.3-2021.10.linux64_1.0.200.202301161003/tools/bin/../lib/gcc/arm-none-eabi/10.3.1/../../../../arm-none-eabi/lib/thumb/v7e-m+fp/hard/crt0.o
LOAD ./Core/Src/dac.o
LOAD ./Core/Src/gpio.o
LOAD ./Core/Src/joystick.o
LOAD ./Core/Src/main.o
LOAD ./Core/Src/msx.o
LOAD ./Core/Src/stm32f7xx_hal_msp.o
LOAD ./Core/Src/stm32f7xx_hal_timebase_tim.o
LOAD ./Core/Src/stm32f7xx_it.o
LOAD ./Core/Src/syscalls.o
LOAD ./Core/Src/sysmem.o
LOAD ./Core/Src/system_stm32f7xx.o
LOAD ./Core/Src/usart.o
LOAD ./Core/Src/utils.o
LOAD ./Core/Startup/startup_stm32f730r8tx.o
LOAD ./Drivers/STM32F7xx_HAL_Driver/Src/stm32f7xx_hal.o
LOAD ./Drivers/STM32F7xx_HAL_Driver/Src/stm32f7xx_hal_cortex.o
LOAD ./Drivers/STM32F7xx_HAL_Driver/Src/stm32f7xx_hal_dac.o
LOAD ./Drivers/STM32F7xx_HAL_Driver/Src/stm32f7xx_hal_dac_ex.o
LOAD ./Drivers/STM32F7xx_HAL_Driver/Src/stm32f7xx_hal_dma.o
LOAD ./Drivers/STM32F7xx_HAL_Driver/Src/stm32f7xx_hal_dma_ex.o
LOAD ./Drivers/STM32F7xx_HAL_Driver/Src/stm32f7xx_hal_exti.o
LOAD ./Drivers/STM32F7xx_HAL_Driver/Src/stm32f7xx_hal_flash.o
LOAD ./Drivers/STM32F7xx_HAL_Driver/Src/stm32f7xx_hal_flash_ex.o
LOAD ./Drivers/STM32F7xx_HAL_Driver/Src/stm32f7xx_hal_gpio.o
LOAD ./Drivers/STM32F7xx_HAL_Driver/Src/stm32f7xx_hal_hcd.o
LOAD ./Drivers/STM32F7xx_HAL_Driver/Src/stm32f7xx_hal_i2c.o
LOAD ./Drivers/STM32F7xx_HAL_Driver/Src/stm32f7xx_hal_i2c_ex.o
LOAD ./Drivers/STM32F7xx_HAL_Driver/Src/stm32f7xx_hal_pwr.o
LOAD ./Drivers/STM32F7xx_HAL_Driver/Src/stm32f7xx_hal_pwr_ex.o
LOAD ./Drivers/STM32F7xx_HAL_Driver/Src/stm32f7xx_hal_rcc.o
LOAD ./Drivers/STM32F7xx_HAL_Driver/Src/stm32f7xx_hal_rcc_ex.o
LOAD ./Drivers/STM32F7xx_HAL_Driver/Src/stm32f7xx_hal_tim.o
LOAD ./Drivers/STM32F7xx_HAL_Driver/Src/stm32f7xx_hal_tim_ex.o
LOAD ./Drivers/STM32F7xx_HAL_Driver/Src/stm32f7xx_hal_uart.o
LOAD ./Drivers/STM32F7xx_HAL_Driver/Src/stm32f7xx_hal_uart_ex.o
LOAD ./Drivers/STM32F7xx_HAL_Driver/Src/stm32f7xx_ll_exti.o
LOAD ./Drivers/STM32F7xx_HAL_Driver/Src/stm32f7xx_ll_gpio.o
LOAD ./Drivers/STM32F7xx_HAL_Driver/Src/stm32f7xx_ll_rcc.o
LOAD ./Drivers/STM32F7xx_HAL_Driver/Src/stm32f7xx_ll_usb.o
LOAD ./Drivers/STM32F7xx_HAL_Driver/Src/stm32f7xx_ll_utils.o
LOAD ./Middlewares/ST/STM32_USB_Host_Library/Class/HID/Src/usbh_hid.o
LOAD ./Middlewares/ST/STM32_USB_Host_Library/Class/HID/Src/usbh_hid_gamepad.o
LOAD ./Middlewares/ST/STM32_USB_Host_Library/Class/HID/Src/usbh_hid_keybd.o
LOAD ./Middlewares/ST/STM32_USB_Host_Library/Class/HID/Src/usbh_hid_mouse.o
LOAD ./Middlewares/ST/STM32_USB_Host_Library/Class/HID/Src/usbh_hid_parser.o
LOAD ./Middlewares/ST/STM32_USB_Host_Library/Class/HID/Src/usbh_hid_reportparser.o
LOAD ./Middlewares/ST/STM32_USB_Host_Library/Class/HUBHID/Src/usbh_hub.o
LOAD ./Middlewares/ST/STM32_USB_Host_Library/Class/HUBHID/Src/usbh_hub_gamepad.o
LOAD ./Middlewares/ST/STM32_USB_Host_Library/Class/HUBHID/Src/usbh_hub_keybd.o
LOAD ./Middlewares/ST/STM32_USB_Host_Library/Class/HUBHID/Src/usbh_hub_mouse.o
LOAD ./Middlewares/ST/STM32_USB_Host_Library/Class/HUBHID/Src/usbh_hubctrl.o
LOAD ./Middlewares/ST/STM32_USB_Host_Library/Class/HUBHID/Src/usbh_hubenum.o
LOAD ./Middlewares/ST/STM32_USB_Host_Library/Core/Src/usbh_core.o
LOAD ./Middlewares/ST/STM32_USB_Host_Library/Core/Src/usbh_ctlreq.o
LOAD ./Middlewares/ST/STM32_USB_Host_Library/Core/Src/usbh_ioreq.o
LOAD ./Middlewares/ST/STM32_USB_Host_Library/Core/Src/usbh_pipes.o
LOAD ./USB_HOST/App/usb_host.o
LOAD ./USB_HOST/Target/usbh_conf.o
START GROUP
LOAD /opt/st/stm32cubeide_1.11.2/plugins/com.st.stm32cube.ide.mcu.externaltools.gnu-tools-for-stm32.10.3-2021.10.linux64_1.0.200.202301161003/tools/bin/../lib/gcc/arm-none-eabi/10.3.1/../../../../arm-none-eabi/lib/thumb/v7e-m+fp/hard/libc_nano.a
LOAD /opt/st/stm32cubeide_1.11.2/plugins/com.st.stm32cube.ide.mcu.externaltools.gnu-tools-for-stm32.10.3-2021.10.linux64_1.0.200.202301161003/tools/bin/../lib/gcc/arm-none-eabi/10.3.1/../../../../arm-none-eabi/lib/thumb/v7e-m+fp/hard/libm.a
END GROUP
START GROUP
LOAD /opt/st/stm32cubeide_1.11.2/plugins/com.st.stm32cube.ide.mcu.externaltools.gnu-tools-for-stm32.10.3-2021.10.linux64_1.0.200.202301161003/tools/bin/../lib/gcc/arm-none-eabi/10.3.1/thumb/v7e-m+fp/hard/libgcc.a
LOAD /opt/st/stm32cubeide_1.11.2/plugins/com.st.stm32cube.ide.mcu.externaltools.gnu-tools-for-stm32.10.3-2021.10.linux64_1.0.200.202301161003/tools/bin/../lib/gcc/arm-none-eabi/10.3.1/../../../../arm-none-eabi/lib/thumb/v7e-m+fp/hard/libc_nano.a
END GROUP
START GROUP
LOAD /opt/st/stm32cubeide_1.11.2/plugins/com.st.stm32cube.ide.mcu.externaltools.gnu-tools-for-stm32.10.3-2021.10.linux64_1.0.200.202301161003/tools/bin/../lib/gcc/arm-none-eabi/10.3.1/thumb/v7e-m+fp/hard/libgcc.a
LOAD /opt/st/stm32cubeide_1.11.2/plugins/com.st.stm32cube.ide.mcu.externaltools.gnu-tools-for-stm32.10.3-2021.10.linux64_1.0.200.202301161003/tools/bin/../lib/gcc/arm-none-eabi/10.3.1/../../../../arm-none-eabi/lib/thumb/v7e-m+fp/hard/libc_nano.a
LOAD /opt/st/stm32cubeide_1.11.2/plugins/com.st.stm32cube.ide.mcu.externaltools.gnu-tools-for-stm32.10.3-2021.10.linux64_1.0.200.202301161003/tools/bin/../lib/gcc/arm-none-eabi/10.3.1/../../../../arm-none-eabi/lib/thumb/v7e-m+fp/hard/libnosys.a
END GROUP
START GROUP
LOAD /opt/st/stm32cubeide_1.11.2/plugins/com.st.stm32cube.ide.mcu.externaltools.gnu-tools-for-stm32.10.3-2021.10.linux64_1.0.200.202301161003/tools/bin/../lib/gcc/arm-none-eabi/10.3.1/thumb/v7e-m+fp/hard/libgcc.a
LOAD /opt/st/stm32cubeide_1.11.2/plugins/com.st.stm32cube.ide.mcu.externaltools.gnu-tools-for-stm32.10.3-2021.10.linux64_1.0.200.202301161003/tools/bin/../lib/gcc/arm-none-eabi/10.3.1/../../../../arm-none-eabi/lib/thumb/v7e-m+fp/hard/libc_nano.a
LOAD /opt/st/stm32cubeide_1.11.2/plugins/com.st.stm32cube.ide.mcu.externaltools.gnu-tools-for-stm32.10.3-2021.10.linux64_1.0.200.202301161003/tools/bin/../lib/gcc/arm-none-eabi/10.3.1/../../../../arm-none-eabi/lib/thumb/v7e-m+fp/hard/libnosys.a
END GROUP
LOAD /opt/st/stm32cubeide_1.11.2/plugins/com.st.stm32cube.ide.mcu.externaltools.gnu-tools-for-stm32.10.3-2021.10.linux64_1.0.200.202301161003/tools/bin/../lib/gcc/arm-none-eabi/10.3.1/thumb/v7e-m+fp/hard/crtend.o
LOAD /opt/st/stm32cubeide_1.11.2/plugins/com.st.stm32cube.ide.mcu.externaltools.gnu-tools-for-stm32.10.3-2021.10.linux64_1.0.200.202301161003/tools/bin/../lib/gcc/arm-none-eabi/10.3.1/thumb/v7e-m+fp/hard/crtn.o
                0x0000000020040000                _estack = (ORIGIN (RAM) + LENGTH (RAM))
                0x0000000000002000                _Min_Heap_Size = 0x2000
                0x0000000000002000                _Min_Stack_Size = 0x2000

.isr_vector     0x0000000008000000      0x1e0
                0x0000000008000000                . = ALIGN (0x4)
 *(.isr_vector)
 .isr_vector    0x0000000008000000      0x1e0 ./Core/Startup/startup_stm32f730r8tx.o
                0x0000000008000000                g_pfnVectors
                0x00000000080001e0                . = ALIGN (0x4)

.text           0x00000000080001e0     0x7058
                0x00000000080001e0                . = ALIGN (0x4)
 *(.text)
 .text          0x00000000080001e0       0x40 /opt/st/stm32cubeide_1.11.2/plugins/com.st.stm32cube.ide.mcu.externaltools.gnu-tools-for-stm32.10.3-2021.10.linux64_1.0.200.202301161003/tools/bin/../lib/gcc/arm-none-eabi/10.3.1/thumb/v7e-m+fp/hard/crtbegin.o
 .text          0x0000000008000220       0x30 /opt/st/stm32cubeide_1.11.2/plugins/com.st.stm32cube.ide.mcu.externaltools.gnu-tools-for-stm32.10.3-2021.10.linux64_1.0.200.202301161003/tools/bin/../lib/gcc/arm-none-eabi/10.3.1/thumb/v7e-m+fp/hard/libgcc.a(_aeabi_uldivmod.o)
                0x0000000008000220                __aeabi_uldivmod
 .text          0x0000000008000250      0x2d0 /opt/st/stm32cubeide_1.11.2/plugins/com.st.stm32cube.ide.mcu.externaltools.gnu-tools-for-stm32.10.3-2021.10.linux64_1.0.200.202301161003/tools/bin/../lib/gcc/arm-none-eabi/10.3.1/thumb/v7e-m+fp/hard/libgcc.a(_udivmoddi4.o)
                0x0000000008000250                __udivmoddi4
 .text          0x0000000008000520        0x4 /opt/st/stm32cubeide_1.11.2/plugins/com.st.stm32cube.ide.mcu.externaltools.gnu-tools-for-stm32.10.3-2021.10.linux64_1.0.200.202301161003/tools/bin/../lib/gcc/arm-none-eabi/10.3.1/thumb/v7e-m+fp/hard/libgcc.a(_dvmd_tls.o)
                0x0000000008000520                __aeabi_ldiv0
                0x0000000008000520                __aeabi_idiv0
 *(.text*)
 .text.MX_DAC_Init
                0x0000000008000524       0x38 ./Core/Src/dac.o
                0x0000000008000524                MX_DAC_Init
 .text.HAL_DAC_MspInit
                0x000000000800055c       0x6c ./Core/Src/dac.o
                0x000000000800055c                HAL_DAC_MspInit
 .text.LL_AHB1_GRP1_EnableClock
                0x00000000080005c8       0x1c ./Core/Src/gpio.o
 .text.NVIC_EncodePriority.constprop.0
                0x00000000080005e4        0x4 ./Core/Src/gpio.o
 .text.MX_GPIO_Init
                0x00000000080005e8      0x3d0 ./Core/Src/gpio.o
                0x00000000080005e8                MX_GPIO_Init
 .text.ProcessJoystick
                0x00000000080009b8       0x6c ./Core/Src/joystick.o
                0x00000000080009b8                ProcessJoystick
 .text.SystemClock_Config
                0x0000000008000a24       0xac ./Core/Src/main.o
                0x0000000008000a24                SystemClock_Config
 .text.startup.main
                0x0000000008000ad0       0x2c ./Core/Src/main.o
                0x0000000008000ad0                main
 .text.HAL_TIM_PeriodElapsedCallback
                0x0000000008000afc       0x14 ./Core/Src/main.o
                0x0000000008000afc                HAL_TIM_PeriodElapsedCallback
 .text.Error_Handler
                0x0000000008000b10        0x4 ./Core/Src/main.o
                0x0000000008000b10                Error_Handler
 .text.InitMSXKeyboard
                0x0000000008000b14       0x24 ./Core/Src/msx.o
                0x0000000008000b14                InitMSXKeyboard
 .text.ProcessMSXKey
                0x0000000008000b38       0x30 ./Core/Src/msx.o
                0x0000000008000b38                ProcessMSXKey
 .text.ProcessMSXKeyboard
                0x0000000008000b68       0x88 ./Core/Src/msx.o
                0x0000000008000b68                ProcessMSXKeyboard
 .text.ProcessIRQ
                0x0000000008000bf0       0x2c ./Core/Src/msx.o
                0x0000000008000bf0                ProcessIRQ
 .text.EXTI0_IRQHandler
                0x0000000008000c1c       0x18 ./Core/Src/msx.o
                0x0000000008000c1c                EXTI0_IRQHandler
 .text.HAL_MspInit
                0x0000000008000c34       0xbc ./Core/Src/stm32f7xx_hal_msp.o
                0x0000000008000c34                HAL_MspInit
 .text.HAL_InitTick
                0x0000000008000cf0       0x9c ./Core/Src/stm32f7xx_hal_timebase_tim.o
                0x0000000008000cf0                HAL_InitTick
 .text.NMI_Handler
                0x0000000008000d8c        0x8 ./Core/Src/stm32f7xx_it.o
                0x0000000008000d8c                NMI_Handler
 .text.HardFault_Handler
                0x0000000008000d94        0x2 ./Core/Src/stm32f7xx_it.o
                0x0000000008000d94                HardFault_Handler
 .text.MemManage_Handler
                0x0000000008000d96        0x2 ./Core/Src/stm32f7xx_it.o
                0x0000000008000d96                MemManage_Handler
 .text.BusFault_Handler
                0x0000000008000d98        0x2 ./Core/Src/stm32f7xx_it.o
                0x0000000008000d98                BusFault_Handler
 .text.UsageFault_Handler
                0x0000000008000d9a        0x2 ./Core/Src/stm32f7xx_it.o
                0x0000000008000d9a                UsageFault_Handler
 .text.SVC_Handler
                0x0000000008000d9c        0x2 ./Core/Src/stm32f7xx_it.o
                0x0000000008000d9c                SVC_Handler
 .text.DebugMon_Handler
                0x0000000008000d9e        0x2 ./Core/Src/stm32f7xx_it.o
                0x0000000008000d9e                DebugMon_Handler
 .text.PendSV_Handler
                0x0000000008000da0        0x2 ./Core/Src/stm32f7xx_it.o
                0x0000000008000da0                PendSV_Handler
 .text.SysTick_Handler
                0x0000000008000da2        0x2 ./Core/Src/stm32f7xx_it.o
                0x0000000008000da2                SysTick_Handler
 .text.PVD_IRQHandler
                0x0000000008000da4        0x4 ./Core/Src/stm32f7xx_it.o
                0x0000000008000da4                PVD_IRQHandler
 .text.FLASH_IRQHandler
                0x0000000008000da8        0x4 ./Core/Src/stm32f7xx_it.o
                0x0000000008000da8                FLASH_IRQHandler
 .text.RCC_IRQHandler
                0x0000000008000dac        0x2 ./Core/Src/stm32f7xx_it.o
                0x0000000008000dac                RCC_IRQHandler
 *fill*         0x0000000008000dae        0x2 
 .text.TIM8_TRG_COM_TIM14_IRQHandler
                0x0000000008000db0        0xc ./Core/Src/stm32f7xx_it.o
                0x0000000008000db0                TIM8_TRG_COM_TIM14_IRQHandler
 .text.UART5_IRQHandler
                0x0000000008000dbc        0xc ./Core/Src/stm32f7xx_it.o
                0x0000000008000dbc                UART5_IRQHandler
 .text.TIM6_DAC_IRQHandler
                0x0000000008000dc8        0xc ./Core/Src/stm32f7xx_it.o
                0x0000000008000dc8                TIM6_DAC_IRQHandler
 .text.OTG_FS_IRQHandler
                0x0000000008000dd4        0xc ./Core/Src/stm32f7xx_it.o
                0x0000000008000dd4                OTG_FS_IRQHandler
 .text.OTG_HS_EP1_OUT_IRQHandler
                0x0000000008000de0        0xc ./Core/Src/stm32f7xx_it.o
                0x0000000008000de0                OTG_HS_EP1_OUT_IRQHandler
 .text.OTG_HS_EP1_IN_IRQHandler
                0x0000000008000dec        0x4 ./Core/Src/stm32f7xx_it.o
                0x0000000008000dec                OTG_HS_EP1_IN_IRQHandler
 .text.OTG_HS_IRQHandler
                0x0000000008000df0        0x4 ./Core/Src/stm32f7xx_it.o
                0x0000000008000df0                OTG_HS_IRQHandler
 .text.FPU_IRQHandler
                0x0000000008000df4        0x2 ./Core/Src/stm32f7xx_it.o
                0x0000000008000df4                FPU_IRQHandler
 *fill*         0x0000000008000df6        0x2 
 .text._sbrk    0x0000000008000df8       0x40 ./Core/Src/sysmem.o
                0x0000000008000df8                _sbrk
 .text.SystemInit
                0x0000000008000e38       0x14 ./Core/Src/system_stm32f7xx.o
                0x0000000008000e38                SystemInit
 .text.MX_UART5_Init
                0x0000000008000e4c       0x3c ./Core/Src/usart.o
                0x0000000008000e4c                MX_UART5_Init
 .text.HAL_UART_MspInit
                0x0000000008000e88       0xc4 ./Core/Src/usart.o
                0x0000000008000e88                HAL_UART_MspInit
 .text.USBH_Get_Device_Data_Host
                0x0000000008000f4c      0x108 ./Core/Src/utils.o
                0x0000000008000f4c                USBH_Get_Device_Data_Host
 .text.USBH_Get_Device_Data
                0x0000000008001054       0x24 ./Core/Src/utils.o
                0x0000000008001054                USBH_Get_Device_Data
 .text.SetPinsOn
                0x0000000008001078       0x98 ./Core/Src/utils.o
                0x0000000008001078                SetPinsOn
 .text.SetPinsOff
                0x0000000008001110       0x80 ./Core/Src/utils.o
                0x0000000008001110                SetPinsOff
 .text.SetupJoystick_Host
                0x0000000008001190       0x64 ./Core/Src/utils.o
                0x0000000008001190                SetupJoystick_Host
 .text.SetupJoystick
                0x00000000080011f4       0x28 ./Core/Src/utils.o
                0x00000000080011f4                SetupJoystick
 .text.Reset_Handler
                0x000000000800121c       0x50 ./Core/Startup/startup_stm32f730r8tx.o
                0x000000000800121c                Reset_Handler
 .text.Default_Handler
                0x000000000800126c        0x2 ./Core/Startup/startup_stm32f730r8tx.o
                0x000000000800126c                RTC_Alarm_IRQHandler
                0x000000000800126c                EXTI2_IRQHandler
                0x000000000800126c                TIM8_CC_IRQHandler
                0x000000000800126c                UART8_IRQHandler
                0x000000000800126c                SPI4_IRQHandler
                0x000000000800126c                TIM1_CC_IRQHandler
                0x000000000800126c                DMA2_Stream5_IRQHandler
                0x000000000800126c                DMA1_Stream5_IRQHandler
                0x000000000800126c                TAMP_STAMP_IRQHandler
                0x000000000800126c                EXTI3_IRQHandler
                0x000000000800126c                TIM1_UP_TIM10_IRQHandler
                0x000000000800126c                TIM8_UP_TIM13_IRQHandler
                0x000000000800126c                I2C3_ER_IRQHandler
                0x000000000800126c                I2C2_EV_IRQHandler
                0x000000000800126c                DMA1_Stream2_IRQHandler
                0x000000000800126c                CAN1_RX0_IRQHandler
                0x000000000800126c                OTG_HS_WKUP_IRQHandler
                0x000000000800126c                DMA2_Stream2_IRQHandler
                0x000000000800126c                SPI1_IRQHandler
                0x000000000800126c                TIM1_BRK_TIM9_IRQHandler
                0x000000000800126c                DMA2_Stream3_IRQHandler
                0x000000000800126c                SAI2_IRQHandler
                0x000000000800126c                USART6_IRQHandler
                0x000000000800126c                USART3_IRQHandler
                0x000000000800126c                CAN1_RX1_IRQHandler
                0x000000000800126c                DMA2_Stream0_IRQHandler
                0x000000000800126c                TIM4_IRQHandler
                0x000000000800126c                QUADSPI_IRQHandler
                0x000000000800126c                I2C1_EV_IRQHandler
                0x000000000800126c                DMA1_Stream6_IRQHandler
                0x000000000800126c                DMA1_Stream1_IRQHandler
                0x000000000800126c                UART4_IRQHandler
                0x000000000800126c                TIM3_IRQHandler
                0x000000000800126c                TIM8_BRK_TIM12_IRQHandler
                0x000000000800126c                Default_Handler
                0x000000000800126c                EXTI15_10_IRQHandler
                0x000000000800126c                ADC_IRQHandler
                0x000000000800126c                DMA1_Stream7_IRQHandler
                0x000000000800126c                SPI5_IRQHandler
                0x000000000800126c                TIM7_IRQHandler
                0x000000000800126c                SDMMC1_IRQHandler
                0x000000000800126c                TIM5_IRQHandler
                0x000000000800126c                DMA2_Stream7_IRQHandler
                0x000000000800126c                I2C3_EV_IRQHandler
                0x000000000800126c                EXTI9_5_IRQHandler
                0x000000000800126c                RTC_WKUP_IRQHandler
                0x000000000800126c                SPI2_IRQHandler
                0x000000000800126c                DMA1_Stream0_IRQHandler
                0x000000000800126c                CAN1_TX_IRQHandler
                0x000000000800126c                EXTI4_IRQHandler
                0x000000000800126c                RNG_IRQHandler
                0x000000000800126c                WWDG_IRQHandler
                0x000000000800126c                TIM2_IRQHandler
                0x000000000800126c                OTG_FS_WKUP_IRQHandler
                0x000000000800126c                TIM1_TRG_COM_TIM11_IRQHandler
                0x000000000800126c                EXTI1_IRQHandler
                0x000000000800126c                SDMMC2_IRQHandler
                0x000000000800126c                AES_IRQHandler
                0x000000000800126c                UART7_IRQHandler
                0x000000000800126c                USART2_IRQHandler
                0x000000000800126c                I2C2_ER_IRQHandler
                0x000000000800126c                DMA2_Stream1_IRQHandler
                0x000000000800126c                CAN1_SCE_IRQHandler
                0x000000000800126c                DMA2_Stream4_IRQHandler
                0x000000000800126c                USART1_IRQHandler
                0x000000000800126c                SPI3_IRQHandler
                0x000000000800126c                DMA1_Stream4_IRQHandler
                0x000000000800126c                I2C1_ER_IRQHandler
                0x000000000800126c                FMC_IRQHandler
                0x000000000800126c                LPTIM1_IRQHandler
                0x000000000800126c                DMA2_Stream6_IRQHandler
                0x000000000800126c                SAI1_IRQHandler
                0x000000000800126c                DMA1_Stream3_IRQHandler
 .text.HAL_Init
                0x000000000800126e       0x16 ./Drivers/STM32F7xx_HAL_Driver/Src/stm32f7xx_hal.o
                0x000000000800126e                HAL_Init
 .text.HAL_IncTick
                0x0000000008001284       0x18 ./Drivers/STM32F7xx_HAL_Driver/Src/stm32f7xx_hal.o
                0x0000000008001284                HAL_IncTick
 .text.HAL_GetTick
                0x000000000800129c        0xc ./Drivers/STM32F7xx_HAL_Driver/Src/stm32f7xx_hal.o
                0x000000000800129c                HAL_GetTick
 .text.HAL_Delay
                0x00000000080012a8       0x24 ./Drivers/STM32F7xx_HAL_Driver/Src/stm32f7xx_hal.o
                0x00000000080012a8                HAL_Delay
 .text.HAL_NVIC_SetPriorityGrouping
                0x00000000080012cc       0x24 ./Drivers/STM32F7xx_HAL_Driver/Src/stm32f7xx_hal_cortex.o
                0x00000000080012cc                HAL_NVIC_SetPriorityGrouping
 .text.HAL_NVIC_SetPriority
                0x00000000080012f0       0x64 ./Drivers/STM32F7xx_HAL_Driver/Src/stm32f7xx_hal_cortex.o
                0x00000000080012f0                HAL_NVIC_SetPriority
 .text.HAL_NVIC_EnableIRQ
                0x0000000008001354       0x1c ./Drivers/STM32F7xx_HAL_Driver/Src/stm32f7xx_hal_cortex.o
                0x0000000008001354                HAL_NVIC_EnableIRQ
 .text.HAL_DAC_Init
                0x0000000008001370       0x26 ./Drivers/STM32F7xx_HAL_Driver/Src/stm32f7xx_hal_dac.o
                0x0000000008001370                HAL_DAC_Init
 .text.HAL_DAC_DMAUnderrunCallbackCh1
                0x0000000008001396        0x2 ./Drivers/STM32F7xx_HAL_Driver/Src/stm32f7xx_hal_dac.o
                0x0000000008001396                HAL_DAC_DMAUnderrunCallbackCh1
 .text.HAL_DAC_IRQHandler
                0x0000000008001398       0x64 ./Drivers/STM32F7xx_HAL_Driver/Src/stm32f7xx_hal_dac.o
                0x0000000008001398                HAL_DAC_IRQHandler
 .text.HAL_DAC_ConfigChannel
                0x00000000080013fc       0x46 ./Drivers/STM32F7xx_HAL_Driver/Src/stm32f7xx_hal_dac.o
                0x00000000080013fc                HAL_DAC_ConfigChannel
 .text.HAL_DACEx_DMAUnderrunCallbackCh2
                0x0000000008001442        0x2 ./Drivers/STM32F7xx_HAL_Driver/Src/stm32f7xx_hal_dac_ex.o
                0x0000000008001442                HAL_DACEx_DMAUnderrunCallbackCh2
 .text.HAL_DMA_Abort
                0x0000000008001444       0x88 ./Drivers/STM32F7xx_HAL_Driver/Src/stm32f7xx_hal_dma.o
                0x0000000008001444                HAL_DMA_Abort
 .text.HAL_DMA_Abort_IT
                0x00000000080014cc       0x24 ./Drivers/STM32F7xx_HAL_Driver/Src/stm32f7xx_hal_dma.o
                0x00000000080014cc                HAL_DMA_Abort_IT
 .text.FLASH_SetErrorCode
                0x00000000080014f0       0x78 ./Drivers/STM32F7xx_HAL_Driver/Src/stm32f7xx_hal_flash.o
 .text.HAL_FLASH_EndOfOperationCallback
                0x0000000008001568        0x2 ./Drivers/STM32F7xx_HAL_Driver/Src/stm32f7xx_hal_flash.o
                0x0000000008001568                HAL_FLASH_EndOfOperationCallback
 .text.HAL_FLASH_OperationErrorCallback
                0x000000000800156a        0x2 ./Drivers/STM32F7xx_HAL_Driver/Src/stm32f7xx_hal_flash.o
                0x000000000800156a                HAL_FLASH_OperationErrorCallback
 .text.HAL_FLASH_IRQHandler
                0x000000000800156c       0xe4 ./Drivers/STM32F7xx_HAL_Driver/Src/stm32f7xx_hal_flash.o
                0x000000000800156c                HAL_FLASH_IRQHandler
 .text.FLASH_Erase_Sector
                0x0000000008001650       0x50 ./Drivers/STM32F7xx_HAL_Driver/Src/stm32f7xx_hal_flash_ex.o
                0x0000000008001650                FLASH_Erase_Sector
 .text.HAL_GPIO_Init
                0x00000000080016a0      0x1b0 ./Drivers/STM32F7xx_HAL_Driver/Src/stm32f7xx_hal_gpio.o
                0x00000000080016a0                HAL_GPIO_Init
 .text.HAL_HCD_HC_Init
                0x0000000008001850       0x6c ./Drivers/STM32F7xx_HAL_Driver/Src/stm32f7xx_hal_hcd.o
                0x0000000008001850                HAL_HCD_HC_Init
 .text.HAL_HCD_HC_Halt
                0x00000000080018bc       0x24 ./Drivers/STM32F7xx_HAL_Driver/Src/stm32f7xx_hal_hcd.o
                0x00000000080018bc                HAL_HCD_HC_Halt
 .text.HAL_HCD_Init
                0x00000000080018e0       0x98 ./Drivers/STM32F7xx_HAL_Driver/Src/stm32f7xx_hal_hcd.o
                0x00000000080018e0                HAL_HCD_Init
 .text.HAL_HCD_HC_SubmitRequest
                0x0000000008001978       0xc8 ./Drivers/STM32F7xx_HAL_Driver/Src/stm32f7xx_hal_hcd.o
                0x0000000008001978                HAL_HCD_HC_SubmitRequest
 .text.HAL_HCD_IRQHandler
                0x0000000008001a40      0x77e ./Drivers/STM32F7xx_HAL_Driver/Src/stm32f7xx_hal_hcd.o
                0x0000000008001a40                HAL_HCD_IRQHandler
 .text.HAL_HCD_Start
                0x00000000080021be       0x2a ./Drivers/STM32F7xx_HAL_Driver/Src/stm32f7xx_hal_hcd.o
                0x00000000080021be                HAL_HCD_Start
 .text.HAL_HCD_Stop
                0x00000000080021e8       0x24 ./Drivers/STM32F7xx_HAL_Driver/Src/stm32f7xx_hal_hcd.o
                0x00000000080021e8                HAL_HCD_Stop
 .text.HAL_HCD_ResetPort
                0x000000000800220c        0x6 ./Drivers/STM32F7xx_HAL_Driver/Src/stm32f7xx_hal_hcd.o
                0x000000000800220c                HAL_HCD_ResetPort
 .text.HAL_HCD_HC_GetURBState
                0x0000000008002212        0xc ./Drivers/STM32F7xx_HAL_Driver/Src/stm32f7xx_hal_hcd.o
                0x0000000008002212                HAL_HCD_HC_GetURBState
 .text.HAL_HCD_HC_GetXferCount
                0x000000000800221e        0xa ./Drivers/STM32F7xx_HAL_Driver/Src/stm32f7xx_hal_hcd.o
                0x000000000800221e                HAL_HCD_HC_GetXferCount
 .text.HAL_HCD_GetCurrentFrame
                0x0000000008002228        0x6 ./Drivers/STM32F7xx_HAL_Driver/Src/stm32f7xx_hal_hcd.o
                0x0000000008002228                HAL_HCD_GetCurrentFrame
 .text.HAL_HCD_GetCurrentSpeed
                0x000000000800222e        0x6 ./Drivers/STM32F7xx_HAL_Driver/Src/stm32f7xx_hal_hcd.o
                0x000000000800222e                HAL_HCD_GetCurrentSpeed
 .text.HAL_PWR_PVDCallback
                0x0000000008002234        0x2 ./Drivers/STM32F7xx_HAL_Driver/Src/stm32f7xx_hal_pwr.o
                0x0000000008002234                HAL_PWR_PVDCallback
 *fill*         0x0000000008002236        0x2 
 .text.HAL_PWR_PVD_IRQHandler
                0x0000000008002238       0x1c ./Drivers/STM32F7xx_HAL_Driver/Src/stm32f7xx_hal_pwr.o
                0x0000000008002238                HAL_PWR_PVD_IRQHandler
 .text.HAL_PWREx_EnableOverDrive
                0x0000000008002254       0x70 ./Drivers/STM32F7xx_HAL_Driver/Src/stm32f7xx_hal_pwr_ex.o
                0x0000000008002254                HAL_PWREx_EnableOverDrive
 .text.HAL_RCC_OscConfig
                0x00000000080022c4      0x380 ./Drivers/STM32F7xx_HAL_Driver/Src/stm32f7xx_hal_rcc.o
                0x00000000080022c4                HAL_RCC_OscConfig
 .text.HAL_RCC_EnableCSS
                0x0000000008002644       0x10 ./Drivers/STM32F7xx_HAL_Driver/Src/stm32f7xx_hal_rcc.o
                0x0000000008002644                HAL_RCC_EnableCSS
 .text.HAL_RCC_GetSysClockFreq
                0x0000000008002654       0x5c ./Drivers/STM32F7xx_HAL_Driver/Src/stm32f7xx_hal_rcc.o
                0x0000000008002654                HAL_RCC_GetSysClockFreq
 .text.HAL_RCC_ClockConfig
                0x00000000080026b0      0x140 ./Drivers/STM32F7xx_HAL_Driver/Src/stm32f7xx_hal_rcc.o
                0x00000000080026b0                HAL_RCC_ClockConfig
 .text.HAL_RCC_GetPCLK1Freq
                0x00000000080027f0       0x20 ./Drivers/STM32F7xx_HAL_Driver/Src/stm32f7xx_hal_rcc.o
                0x00000000080027f0                HAL_RCC_GetPCLK1Freq
 .text.HAL_RCC_GetPCLK2Freq
                0x0000000008002810       0x20 ./Drivers/STM32F7xx_HAL_Driver/Src/stm32f7xx_hal_rcc.o
                0x0000000008002810                HAL_RCC_GetPCLK2Freq
 .text.HAL_RCC_GetClockConfig
                0x0000000008002830       0x3c ./Drivers/STM32F7xx_HAL_Driver/Src/stm32f7xx_hal_rcc.o
                0x0000000008002830                HAL_RCC_GetClockConfig
 .text.HAL_RCC_CSSCallback
                0x000000000800286c        0x2 ./Drivers/STM32F7xx_HAL_Driver/Src/stm32f7xx_hal_rcc.o
                0x000000000800286c                HAL_RCC_CSSCallback
 *fill*         0x000000000800286e        0x2 
 .text.HAL_RCC_NMI_IRQHandler
                0x0000000008002870       0x18 ./Drivers/STM32F7xx_HAL_Driver/Src/stm32f7xx_hal_rcc.o
                0x0000000008002870                HAL_RCC_NMI_IRQHandler
 .text.HAL_RCCEx_PeriphCLKConfig
                0x0000000008002888      0x45c ./Drivers/STM32F7xx_HAL_Driver/Src/stm32f7xx_hal_rcc_ex.o
                0x0000000008002888                HAL_RCCEx_PeriphCLKConfig
 .text.HAL_TIM_Base_MspInit
                0x0000000008002ce4        0x2 ./Drivers/STM32F7xx_HAL_Driver/Src/stm32f7xx_hal_tim.o
                0x0000000008002ce4                HAL_TIM_Base_MspInit
 *fill*         0x0000000008002ce6        0x2 
 .text.HAL_TIM_Base_Start_IT
                0x0000000008002ce8       0x7c ./Drivers/STM32F7xx_HAL_Driver/Src/stm32f7xx_hal_tim.o
                0x0000000008002ce8                HAL_TIM_Base_Start_IT
 .text.HAL_TIM_OC_DelayElapsedCallback
                0x0000000008002d64        0x2 ./Drivers/STM32F7xx_HAL_Driver/Src/stm32f7xx_hal_tim.o
                0x0000000008002d64                HAL_TIM_OC_DelayElapsedCallback
 .text.HAL_TIM_IC_CaptureCallback
                0x0000000008002d66        0x2 ./Drivers/STM32F7xx_HAL_Driver/Src/stm32f7xx_hal_tim.o
                0x0000000008002d66                HAL_TIM_IC_CaptureCallback
 .text.HAL_TIM_PWM_PulseFinishedCallback
                0x0000000008002d68        0x2 ./Drivers/STM32F7xx_HAL_Driver/Src/stm32f7xx_hal_tim.o
                0x0000000008002d68                HAL_TIM_PWM_PulseFinishedCallback
 .text.HAL_TIM_TriggerCallback
                0x0000000008002d6a        0x2 ./Drivers/STM32F7xx_HAL_Driver/Src/stm32f7xx_hal_tim.o
                0x0000000008002d6a                HAL_TIM_TriggerCallback
 .text.HAL_TIM_IRQHandler
                0x0000000008002d6c      0x160 ./Drivers/STM32F7xx_HAL_Driver/Src/stm32f7xx_hal_tim.o
                0x0000000008002d6c                HAL_TIM_IRQHandler
 .text.TIM_Base_SetConfig
                0x0000000008002ecc       0xcc ./Drivers/STM32F7xx_HAL_Driver/Src/stm32f7xx_hal_tim.o
                0x0000000008002ecc                TIM_Base_SetConfig
 .text.HAL_TIM_Base_Init
                0x0000000008002f98       0x60 ./Drivers/STM32F7xx_HAL_Driver/Src/stm32f7xx_hal_tim.o
                0x0000000008002f98                HAL_TIM_Base_Init
 .text.HAL_TIMEx_CommutCallback
                0x0000000008002ff8        0x2 ./Drivers/STM32F7xx_HAL_Driver/Src/stm32f7xx_hal_tim_ex.o
                0x0000000008002ff8                HAL_TIMEx_CommutCallback
 .text.HAL_TIMEx_BreakCallback
                0x0000000008002ffa        0x2 ./Drivers/STM32F7xx_HAL_Driver/Src/stm32f7xx_hal_tim_ex.o
                0x0000000008002ffa                HAL_TIMEx_BreakCallback
 .text.HAL_TIMEx_Break2Callback
                0x0000000008002ffc        0x2 ./Drivers/STM32F7xx_HAL_Driver/Src/stm32f7xx_hal_tim_ex.o
                0x0000000008002ffc                HAL_TIMEx_Break2Callback
 .text.UART_EndRxTransfer
                0x0000000008002ffe       0x50 ./Drivers/STM32F7xx_HAL_Driver/Src/stm32f7xx_hal_uart.o
 .text.HAL_UART_TxCpltCallback
                0x000000000800304e        0x2 ./Drivers/STM32F7xx_HAL_Driver/Src/stm32f7xx_hal_uart.o
                0x000000000800304e                HAL_UART_TxCpltCallback
 .text.HAL_UART_ErrorCallback
                0x0000000008003050        0x2 ./Drivers/STM32F7xx_HAL_Driver/Src/stm32f7xx_hal_uart.o
                0x0000000008003050                HAL_UART_ErrorCallback
 .text.UART_DMAAbortOnError
                0x0000000008003052       0x14 ./Drivers/STM32F7xx_HAL_Driver/Src/stm32f7xx_hal_uart.o
 .text.HAL_UARTEx_RxEventCallback
                0x0000000008003066        0x2 ./Drivers/STM32F7xx_HAL_Driver/Src/stm32f7xx_hal_uart.o
                0x0000000008003066                HAL_UARTEx_RxEventCallback
 .text.HAL_UART_IRQHandler
                0x0000000008003068      0x288 ./Drivers/STM32F7xx_HAL_Driver/Src/stm32f7xx_hal_uart.o
                0x0000000008003068                HAL_UART_IRQHandler
 .text.UART_SetConfig
                0x00000000080032f0      0x284 ./Drivers/STM32F7xx_HAL_Driver/Src/stm32f7xx_hal_uart.o
                0x00000000080032f0                UART_SetConfig
 .text.UART_AdvFeatureConfig
                0x0000000008003574       0xaa ./Drivers/STM32F7xx_HAL_Driver/Src/stm32f7xx_hal_uart.o
                0x0000000008003574                UART_AdvFeatureConfig
 .text.UART_WaitOnFlagUntilTimeout
                0x000000000800361e       0xc0 ./Drivers/STM32F7xx_HAL_Driver/Src/stm32f7xx_hal_uart.o
                0x000000000800361e                UART_WaitOnFlagUntilTimeout
 .text.UART_CheckIdleState
                0x00000000080036de       0x48 ./Drivers/STM32F7xx_HAL_Driver/Src/stm32f7xx_hal_uart.o
                0x00000000080036de                UART_CheckIdleState
 .text.HAL_UART_Init
                0x0000000008003726       0x5c ./Drivers/STM32F7xx_HAL_Driver/Src/stm32f7xx_hal_uart.o
                0x0000000008003726                HAL_UART_Init
 *fill*         0x0000000008003782        0x2 
 .text.LL_EXTI_Init
                0x0000000008003784       0xa8 ./Drivers/STM32F7xx_HAL_Driver/Src/stm32f7xx_ll_exti.o
                0x0000000008003784                LL_EXTI_Init
 .text.LL_GPIO_Init
                0x000000000800382c      0x140 ./Drivers/STM32F7xx_HAL_Driver/Src/stm32f7xx_ll_gpio.o
                0x000000000800382c                LL_GPIO_Init
 .text.USB_CoreReset
                0x000000000800396c       0x4c ./Drivers/STM32F7xx_HAL_Driver/Src/stm32f7xx_ll_usb.o
 .text.USB_CoreInit
                0x00000000080039b8      0x100 ./Drivers/STM32F7xx_HAL_Driver/Src/stm32f7xx_ll_usb.o
                0x00000000080039b8                USB_CoreInit
 .text.USB_EnableGlobalInt
                0x0000000008003ab8        0xc ./Drivers/STM32F7xx_HAL_Driver/Src/stm32f7xx_ll_usb.o
                0x0000000008003ab8                USB_EnableGlobalInt
 .text.USB_DisableGlobalInt
                0x0000000008003ac4        0xc ./Drivers/STM32F7xx_HAL_Driver/Src/stm32f7xx_ll_usb.o
                0x0000000008003ac4                USB_DisableGlobalInt
 .text.USB_SetCurrentMode
                0x0000000008003ad0       0x5c ./Drivers/STM32F7xx_HAL_Driver/Src/stm32f7xx_ll_usb.o
                0x0000000008003ad0                USB_SetCurrentMode
 .text.USB_FlushTxFifo
                0x0000000008003b2c       0x4c ./Drivers/STM32F7xx_HAL_Driver/Src/stm32f7xx_ll_usb.o
                0x0000000008003b2c                USB_FlushTxFifo
 .text.USB_FlushRxFifo
                0x0000000008003b78       0x48 ./Drivers/STM32F7xx_HAL_Driver/Src/stm32f7xx_ll_usb.o
                0x0000000008003b78                USB_FlushRxFifo
 .text.USB_WritePacket
                0x0000000008003bc0       0x26 ./Drivers/STM32F7xx_HAL_Driver/Src/stm32f7xx_ll_usb.o
                0x0000000008003bc0                USB_WritePacket
 .text.USB_ReadPacket
                0x0000000008003be6       0x40 ./Drivers/STM32F7xx_HAL_Driver/Src/stm32f7xx_ll_usb.o
                0x0000000008003be6                USB_ReadPacket
 .text.USB_ReadInterrupts
                0x0000000008003c26        0x8 ./Drivers/STM32F7xx_HAL_Driver/Src/stm32f7xx_ll_usb.o
                0x0000000008003c26                USB_ReadInterrupts
 .text.USB_ReadChInterrupts
                0x0000000008003c2e       0x10 ./Drivers/STM32F7xx_HAL_Driver/Src/stm32f7xx_ll_usb.o
                0x0000000008003c2e                USB_ReadChInterrupts
 .text.USB_GetMode
                0x0000000008003c3e        0x8 ./Drivers/STM32F7xx_HAL_Driver/Src/stm32f7xx_ll_usb.o
                0x0000000008003c3e                USB_GetMode
 *fill*         0x0000000008003c46        0x2 
 .text.USB_HostInit
                0x0000000008003c48       0xc4 ./Drivers/STM32F7xx_HAL_Driver/Src/stm32f7xx_ll_usb.o
                0x0000000008003c48                USB_HostInit
 .text.USB_InitFSLSPClkSel
                0x0000000008003d0c       0x3a ./Drivers/STM32F7xx_HAL_Driver/Src/stm32f7xx_ll_usb.o
                0x0000000008003d0c                USB_InitFSLSPClkSel
 .text.USB_ResetPort
                0x0000000008003d46       0x3c ./Drivers/STM32F7xx_HAL_Driver/Src/stm32f7xx_ll_usb.o
                0x0000000008003d46                USB_ResetPort
 .text.USB_DriveVbus
                0x0000000008003d82       0x40 ./Drivers/STM32F7xx_HAL_Driver/Src/stm32f7xx_ll_usb.o
                0x0000000008003d82                USB_DriveVbus
 .text.USB_GetHostSpeed
                0x0000000008003dc2       0x16 ./Drivers/STM32F7xx_HAL_Driver/Src/stm32f7xx_ll_usb.o
                0x0000000008003dc2                USB_GetHostSpeed
 .text.USB_GetCurrentFrame
                0x0000000008003dd8        0xa ./Drivers/STM32F7xx_HAL_Driver/Src/stm32f7xx_ll_usb.o
                0x0000000008003dd8                USB_GetCurrentFrame
 .text.USB_HC_Init
                0x0000000008003de2      0x120 ./Drivers/STM32F7xx_HAL_Driver/Src/stm32f7xx_ll_usb.o
                0x0000000008003de2                USB_HC_Init
 .text.USB_HC_ReadInterrupt
                0x0000000008003f02        0xa ./Drivers/STM32F7xx_HAL_Driver/Src/stm32f7xx_ll_usb.o
                0x0000000008003f02                USB_HC_ReadInterrupt
 .text.USB_HC_Halt
                0x0000000008003f0c       0xb6 ./Drivers/STM32F7xx_HAL_Driver/Src/stm32f7xx_ll_usb.o
                0x0000000008003f0c                USB_HC_Halt
 *fill*         0x0000000008003fc2        0x2 
 .text.USB_DoPing
                0x0000000008003fc4       0x24 ./Drivers/STM32F7xx_HAL_Driver/Src/stm32f7xx_ll_usb.o
                0x0000000008003fc4                USB_DoPing
 .text.USB_HC_StartXfer
                0x0000000008003fe8      0x14e ./Drivers/STM32F7xx_HAL_Driver/Src/stm32f7xx_ll_usb.o
                0x0000000008003fe8                USB_HC_StartXfer
 .text.USB_StopHost
                0x0000000008004136       0x80 ./Drivers/STM32F7xx_HAL_Driver/Src/stm32f7xx_ll_usb.o
                0x0000000008004136                USB_StopHost
 .text.USBH_HID_ClassRequest
                0x00000000080041b6        0x4 ./Middlewares/ST/STM32_USB_Host_Library/Class/HID/Src/usbh_hid.o
 .text.USBH_HID_InterfaceDeInit
                0x00000000080041ba       0x78 ./Middlewares/ST/STM32_USB_Host_Library/Class/HID/Src/usbh_hid.o
 .text.USBH_HID_NextInterface
                0x0000000008004232       0x1e ./Middlewares/ST/STM32_USB_Host_Library/Class/HID/Src/usbh_hid.o
                0x0000000008004232                USBH_HID_NextInterface
 .text.USBH_HID_SOFProcess
                0x0000000008004250       0x30 ./Middlewares/ST/STM32_USB_Host_Library/Class/HID/Src/usbh_hid.o
 .text.USBH_HID_GetHIDReportDescriptor
                0x0000000008004280       0x1c ./Middlewares/ST/STM32_USB_Host_Library/Class/HID/Src/usbh_hid.o
                0x0000000008004280                USBH_HID_GetHIDReportDescriptor
 .text.USBH_HID_GetHIDDescriptor
                0x000000000800429c       0x1c ./Middlewares/ST/STM32_USB_Host_Library/Class/HID/Src/usbh_hid.o
                0x000000000800429c                USBH_HID_GetHIDDescriptor
 .text.USBH_HID_SetIdle
                0x00000000080042b8       0x1c ./Middlewares/ST/STM32_USB_Host_Library/Class/HID/Src/usbh_hid.o
                0x00000000080042b8                USBH_HID_SetIdle
 .text.USBH_HID_SetProtocol
                0x00000000080042d4       0x1a ./Middlewares/ST/STM32_USB_Host_Library/Class/HID/Src/usbh_hid.o
                0x00000000080042d4                USBH_HID_SetProtocol
 .text.USBH_HID_ParseHIDDesc
                0x00000000080042ee       0x20 ./Middlewares/ST/STM32_USB_Host_Library/Class/HID/Src/usbh_hid.o
                0x00000000080042ee                USBH_HID_ParseHIDDesc
 *fill*         0x000000000800430e        0x2 
 .text.USBH_HID_InterfaceInit
                0x0000000008004310      0x2c8 ./Middlewares/ST/STM32_USB_Host_Library/Class/HID/Src/usbh_hid.o
 .text.USBH_HID_FifoInit
                0x00000000080045d8        0xc ./Middlewares/ST/STM32_USB_Host_Library/Class/HID/Src/usbh_hid.o
                0x00000000080045d8                USBH_HID_FifoInit
 .text.USBH_HID_FifoRead
                0x00000000080045e4       0x44 ./Middlewares/ST/STM32_USB_Host_Library/Class/HID/Src/usbh_hid.o
                0x00000000080045e4                USBH_HID_FifoRead
 .text.USBH_HID_FifoWrite
                0x0000000008004628       0x52 ./Middlewares/ST/STM32_USB_Host_Library/Class/HID/Src/usbh_hid.o
                0x0000000008004628                USBH_HID_FifoWrite
 .text.USBH_HID_EventCallback
                0x000000000800467a        0x2 ./Middlewares/ST/STM32_USB_Host_Library/Class/HID/Src/usbh_hid.o
                0x000000000800467a                USBH_HID_EventCallback
 .text.USBH_HID_Process
                0x000000000800467c       0xbc ./Middlewares/ST/STM32_USB_Host_Library/Class/HID/Src/usbh_hid.o
 .text.USBH_HID_GamepadInit
                0x0000000008004738       0x3c ./Middlewares/ST/STM32_USB_Host_Library/Class/HID/Src/usbh_hid_gamepad.o
                0x0000000008004738                USBH_HID_GamepadInit
 .text.USBH_HID_GetGamepadInfo
                0x0000000008004774      0x1dc ./Middlewares/ST/STM32_USB_Host_Library/Class/HID/Src/usbh_hid_gamepad.o
                0x0000000008004774                USBH_HID_GetGamepadInfo
 .text.USBH_HID_KeybdInit
                0x0000000008004950       0x5c ./Middlewares/ST/STM32_USB_Host_Library/Class/HID/Src/usbh_hid_keybd.o
                0x0000000008004950                USBH_HID_KeybdInit
 .text.USBH_HID_GetKeybdInfo
                0x00000000080049ac       0xe8 ./Middlewares/ST/STM32_USB_Host_Library/Class/HID/Src/usbh_hid_keybd.o
                0x00000000080049ac                USBH_HID_GetKeybdInfo
 .text.collect_bits
                0x0000000008004a94       0x96 ./Middlewares/ST/STM32_USB_Host_Library/Class/HID/Src/usbh_hid_mouse.o
                0x0000000008004a94                collect_bits
 *fill*         0x0000000008004b2a        0x2 
 .text.USBH_HID_MouseInit
                0x0000000008004b2c       0x5c ./Middlewares/ST/STM32_USB_Host_Library/Class/HID/Src/usbh_hid_mouse.o
                0x0000000008004b2c                USBH_HID_MouseInit
 .text.USBH_HID_GetMouseInfo
                0x0000000008004b88       0xf8 ./Middlewares/ST/STM32_USB_Host_Library/Class/HID/Src/usbh_hid_mouse.o
                0x0000000008004b88                USBH_HID_GetMouseInfo
 .text.HID_ReadItem
                0x0000000008004c80       0x78 ./Middlewares/ST/STM32_USB_Host_Library/Class/HID/Src/usbh_hid_parser.o
                0x0000000008004c80                HID_ReadItem
 .text.report_is_usable
                0x0000000008004cf8       0x2c ./Middlewares/ST/STM32_USB_Host_Library/Class/HID/Src/usbh_hid_reportparser.o
                0x0000000008004cf8                report_is_usable
 .text.parse_report_descriptor
                0x0000000008004d24      0x38c ./Middlewares/ST/STM32_USB_Host_Library/Class/HID/Src/usbh_hid_reportparser.o
                0x0000000008004d24                parse_report_descriptor
 .text.USBH_HUB_Process
                0x00000000080050b0      0x180 ./Middlewares/ST/STM32_USB_Host_Library/Class/HUBHID/Src/usbh_hub.o
 .text.USBH_HUB_InterfaceDeInit
                0x0000000008005230       0x5e ./Middlewares/ST/STM32_USB_Host_Library/Class/HUBHID/Src/usbh_hub.o
 .text.USBH_HUB_ClassRequest
                0x000000000800528e       0xa4 ./Middlewares/ST/STM32_USB_Host_Library/Class/HUBHID/Src/usbh_hub.o
 .text.USBH_HUB_InterfaceInit
                0x0000000008005332       0x76 ./Middlewares/ST/STM32_USB_Host_Library/Class/HUBHID/Src/usbh_hub.o
 .text.USBH_Next_Interface_Port
                0x00000000080053a8       0x48 ./Middlewares/ST/STM32_USB_Host_Library/Class/HUBHID/Src/usbh_hub.o
                0x00000000080053a8                USBH_Next_Interface_Port
 .text.USBH_HUB_SOFProcess
                0x00000000080053f0       0x5a ./Middlewares/ST/STM32_USB_Host_Library/Class/HUBHID/Src/usbh_hub.o
 *fill*         0x000000000800544a        0x2 
 .text.USBH_HUB_GamepadInit
                0x000000000800544c       0x38 ./Middlewares/ST/STM32_USB_Host_Library/Class/HUBHID/Src/usbh_hub_gamepad.o
                0x000000000800544c                USBH_HUB_GamepadInit
 .text.USBH_HUB_GetGamepadInfo
                0x0000000008005484      0x1dc ./Middlewares/ST/STM32_USB_Host_Library/Class/HUBHID/Src/usbh_hub_gamepad.o
                0x0000000008005484                USBH_HUB_GetGamepadInfo
 .text.USBH_HUB_KeybdInit
                0x0000000008005660       0x5c ./Middlewares/ST/STM32_USB_Host_Library/Class/HUBHID/Src/usbh_hub_keybd.o
                0x0000000008005660                USBH_HUB_KeybdInit
 .text.USBH_HUB_KeybdDecode
                0x00000000080056bc       0xdc ./Middlewares/ST/STM32_USB_Host_Library/Class/HUBHID/Src/usbh_hub_keybd.o
                0x00000000080056bc                USBH_HUB_KeybdDecode
 .text.USBH_HUB_GetKeybdInfo
                0x0000000008005798       0x14 ./Middlewares/ST/STM32_USB_Host_Library/Class/HUBHID/Src/usbh_hub_keybd.o
                0x0000000008005798                USBH_HUB_GetKeybdInfo
 .text.USBH_HUB_MouseInit
                0x00000000080057ac       0x50 ./Middlewares/ST/STM32_USB_Host_Library/Class/HUBHID/Src/usbh_hub_mouse.o
                0x00000000080057ac                USBH_HUB_MouseInit
 .text.USBH_HUB_MouseDecode
                0x00000000080057fc       0xdc ./Middlewares/ST/STM32_USB_Host_Library/Class/HUBHID/Src/usbh_hub_mouse.o
                0x00000000080057fc                USBH_HUB_MouseDecode
 .text.USBH_HUB_GetMouseInfo
                0x00000000080058d8       0x14 ./Middlewares/ST/STM32_USB_Host_Library/Class/HUBHID/Src/usbh_hub_mouse.o
                0x00000000080058d8                USBH_HUB_GetMouseInfo
 .text.USBH_HUB_GetDescriptor
                0x00000000080058ec       0x20 ./Middlewares/ST/STM32_USB_Host_Library/Class/HUBHID/Src/usbh_hubctrl.o
                0x00000000080058ec                USBH_HUB_GetDescriptor
 .text.USBH_HUB_GetPortStatus
                0x000000000800590c       0x6c ./Middlewares/ST/STM32_USB_Host_Library/Class/HUBHID/Src/usbh_hubctrl.o
                0x000000000800590c                USBH_HUB_GetPortStatus
 .text.USBH_HUB_SetPortFeature
                0x0000000008005978       0x20 ./Middlewares/ST/STM32_USB_Host_Library/Class/HUBHID/Src/usbh_hubctrl.o
                0x0000000008005978                USBH_HUB_SetPortFeature
 .text.USBH_HUB_Get_CfgDesc
                0x0000000008005998       0x34 ./Middlewares/ST/STM32_USB_Host_Library/Class/HUBHID/Src/usbh_hubctrl.o
                0x0000000008005998                USBH_HUB_Get_CfgDesc
 .text.USBH_HUB_Get_StringDesc
                0x00000000080059cc       0x30 ./Middlewares/ST/STM32_USB_Host_Library/Class/HUBHID/Src/usbh_hubctrl.o
                0x00000000080059cc                USBH_HUB_Get_StringDesc
 .text.USBH_HUB_ParseDevDesc
                0x00000000080059fc       0x3e ./Middlewares/ST/STM32_USB_Host_Library/Class/HUBHID/Src/usbh_hubctrl.o
                0x00000000080059fc                USBH_HUB_ParseDevDesc
 .text.USBH_HUB_Get_DevDesc
                0x0000000008005a3a       0x30 ./Middlewares/ST/STM32_USB_Host_Library/Class/HUBHID/Src/usbh_hubctrl.o
                0x0000000008005a3a                USBH_HUB_Get_DevDesc
 .text.USBH_HUB_ParseHubDescriptor
                0x0000000008005a6a       0x24 ./Middlewares/ST/STM32_USB_Host_Library/Class/HUBHID/Src/usbh_hubctrl.o
                0x0000000008005a6a                USBH_HUB_ParseHubDescriptor
 .text.USBH_HUB_GetHIDDescriptor
                0x0000000008005a8e       0x1c ./Middlewares/ST/STM32_USB_Host_Library/Class/HUBHID/Src/usbh_hubctrl.o
                0x0000000008005a8e                USBH_HUB_GetHIDDescriptor
 .text.USBH_HUB_GetHIDReportDescriptor
                0x0000000008005aaa       0x18 ./Middlewares/ST/STM32_USB_Host_Library/Class/HUBHID/Src/usbh_hubctrl.o
                0x0000000008005aaa                USBH_HUB_GetHIDReportDescriptor
 *fill*         0x0000000008005ac2        0x2 
 .text.USBH_HUB_Device_Enum
                0x0000000008005ac4      0x584 ./Middlewares/ST/STM32_USB_Host_Library/Class/HUBHID/Src/usbh_hubenum.o
                0x0000000008005ac4                USBH_HUB_Device_Enum
 .text.USBH_HUB_SETUP_PIPES
                0x0000000008006048       0x2e ./Middlewares/ST/STM32_USB_Host_Library/Class/HUBHID/Src/usbh_hubenum.o
                0x0000000008006048                USBH_HUB_SETUP_PIPES
 .text.USBH_HUB_Device_Process
                0x0000000008006076       0xfa ./Middlewares/ST/STM32_USB_Host_Library/Class/HUBHID/Src/usbh_hubenum.o
                0x0000000008006076                USBH_HUB_Device_Process
 .text.DeInitStateMachine.isra.0
                0x0000000008006170       0x3c ./Middlewares/ST/STM32_USB_Host_Library/Core/Src/usbh_core.o
 .text.USBH_Init
                0x00000000080061ac       0x3a ./Middlewares/ST/STM32_USB_Host_Library/Core/Src/usbh_core.o
                0x00000000080061ac                USBH_Init
 .text.USBH_RegisterClass
                0x00000000080061e6       0x1e ./Middlewares/ST/STM32_USB_Host_Library/Core/Src/usbh_core.o
                0x00000000080061e6                USBH_RegisterClass
 .text.USBH_SelectInterface
                0x0000000008006204       0x12 ./Middlewares/ST/STM32_USB_Host_Library/Core/Src/usbh_core.o
                0x0000000008006204                USBH_SelectInterface
 .text.USBH_FindInterface
                0x0000000008006216       0x38 ./Middlewares/ST/STM32_USB_Host_Library/Core/Src/usbh_core.o
                0x0000000008006216                USBH_FindInterface
 .text.USBH_Start
                0x000000000800624e       0x14 ./Middlewares/ST/STM32_USB_Host_Library/Core/Src/usbh_core.o
                0x000000000800624e                USBH_Start
 .text.USBH_Process
                0x0000000008006262      0x400 ./Middlewares/ST/STM32_USB_Host_Library/Core/Src/usbh_core.o
                0x0000000008006262                USBH_Process
 .text.USBH_LL_SetTimer
                0x0000000008006662        0x6 ./Middlewares/ST/STM32_USB_Host_Library/Core/Src/usbh_core.o
                0x0000000008006662                USBH_LL_SetTimer
 .text.USBH_LL_IncTimer
                0x0000000008006668       0x1c ./Middlewares/ST/STM32_USB_Host_Library/Core/Src/usbh_core.o
                0x0000000008006668                USBH_LL_IncTimer
 .text.USBH_LL_PortEnabled
                0x0000000008006684        0x8 ./Middlewares/ST/STM32_USB_Host_Library/Core/Src/usbh_core.o
                0x0000000008006684                USBH_LL_PortEnabled
 .text.USBH_LL_PortDisabled
                0x000000000800668c        0x8 ./Middlewares/ST/STM32_USB_Host_Library/Core/Src/usbh_core.o
                0x000000000800668c                USBH_LL_PortDisabled
 .text.USBH_LL_Connect
                0x0000000008006694       0x14 ./Middlewares/ST/STM32_USB_Host_Library/Core/Src/usbh_core.o
                0x0000000008006694                USBH_LL_Connect
 .text.USBH_LL_Disconnect
                0x00000000080066a8       0x2c ./Middlewares/ST/STM32_USB_Host_Library/Core/Src/usbh_core.o
                0x00000000080066a8                USBH_LL_Disconnect
 .text.USBH_ParseDevDesc
                0x00000000080066d4       0x3e ./Middlewares/ST/STM32_USB_Host_Library/Core/Src/usbh_ctlreq.o
                0x00000000080066d4                USBH_ParseDevDesc
 .text.USBH_ParseInterfaceDesc
                0x0000000008006712       0x26 ./Middlewares/ST/STM32_USB_Host_Library/Core/Src/usbh_ctlreq.o
                0x0000000008006712                USBH_ParseInterfaceDesc
 .text.USBH_ParseEPDesc
                0x0000000008006738       0x1a ./Middlewares/ST/STM32_USB_Host_Library/Core/Src/usbh_ctlreq.o
                0x0000000008006738                USBH_ParseEPDesc
 .text.USBH_ParseCfgDesc
                0x0000000008006752       0x8a ./Middlewares/ST/STM32_USB_Host_Library/Core/Src/usbh_ctlreq.o
                0x0000000008006752                USBH_ParseCfgDesc
 .text.USBH_ParseStringDesc
                0x00000000080067dc       0x2e ./Middlewares/ST/STM32_USB_Host_Library/Core/Src/usbh_ctlreq.o
                0x00000000080067dc                USBH_ParseStringDesc
 .text.USBH_CtlReq
                0x000000000800680a      0x176 ./Middlewares/ST/STM32_USB_Host_Library/Core/Src/usbh_ctlreq.o
                0x000000000800680a                USBH_CtlReq
 .text.USBH_GetDescriptor
                0x0000000008006980       0x38 ./Middlewares/ST/STM32_USB_Host_Library/Core/Src/usbh_ctlreq.o
                0x0000000008006980                USBH_GetDescriptor
 .text.USBH_Get_DevDesc
                0x00000000080069b8       0x30 ./Middlewares/ST/STM32_USB_Host_Library/Core/Src/usbh_ctlreq.o
                0x00000000080069b8                USBH_Get_DevDesc
 .text.USBH_Get_CfgDesc
                0x00000000080069e8       0x30 ./Middlewares/ST/STM32_USB_Host_Library/Core/Src/usbh_ctlreq.o
                0x00000000080069e8                USBH_Get_CfgDesc
 .text.USBH_Get_StringDesc
                0x0000000008006a18       0x2e ./Middlewares/ST/STM32_USB_Host_Library/Core/Src/usbh_ctlreq.o
                0x0000000008006a18                USBH_Get_StringDesc
 .text.USBH_SetAddress
                0x0000000008006a46       0x1a ./Middlewares/ST/STM32_USB_Host_Library/Core/Src/usbh_ctlreq.o
                0x0000000008006a46                USBH_SetAddress
 .text.USBH_SetCfg
                0x0000000008006a60       0x1a ./Middlewares/ST/STM32_USB_Host_Library/Core/Src/usbh_ctlreq.o
                0x0000000008006a60                USBH_SetCfg
 .text.USBH_SetFeature
                0x0000000008006a7a       0x1a ./Middlewares/ST/STM32_USB_Host_Library/Core/Src/usbh_ctlreq.o
                0x0000000008006a7a                USBH_SetFeature
 .text.USBH_ClrFeature
                0x0000000008006a94       0x1a ./Middlewares/ST/STM32_USB_Host_Library/Core/Src/usbh_ctlreq.o
                0x0000000008006a94                USBH_ClrFeature
 .text.USBH_CtlSendSetup
                0x0000000008006aae       0x20 ./Middlewares/ST/STM32_USB_Host_Library/Core/Src/usbh_ioreq.o
                0x0000000008006aae                USBH_CtlSendSetup
 .text.USBH_CtlSendData
                0x0000000008006ace       0x2e ./Middlewares/ST/STM32_USB_Host_Library/Core/Src/usbh_ioreq.o
                0x0000000008006ace                USBH_CtlSendData
 .text.USBH_CtlReceiveData
                0x0000000008006afc       0x20 ./Middlewares/ST/STM32_USB_Host_Library/Core/Src/usbh_ioreq.o
                0x0000000008006afc                USBH_CtlReceiveData
 .text.USBH_InterruptReceiveData
                0x0000000008006b1c       0x20 ./Middlewares/ST/STM32_USB_Host_Library/Core/Src/usbh_ioreq.o
                0x0000000008006b1c                USBH_InterruptReceiveData
 .text.USBH_OpenPipe
                0x0000000008006b3c       0x1e ./Middlewares/ST/STM32_USB_Host_Library/Core/Src/usbh_pipes.o
                0x0000000008006b3c                USBH_OpenPipe
 .text.USBH_ClosePipe
                0x0000000008006b5a        0xa ./Middlewares/ST/STM32_USB_Host_Library/Core/Src/usbh_pipes.o
                0x0000000008006b5a                USBH_ClosePipe
 .text.USBH_AllocPipe
                0x0000000008006b64       0x2e ./Middlewares/ST/STM32_USB_Host_Library/Core/Src/usbh_pipes.o
                0x0000000008006b64                USBH_AllocPipe
 .text.USBH_FreePipe
                0x0000000008006b92       0x1c ./Middlewares/ST/STM32_USB_Host_Library/Core/Src/usbh_pipes.o
                0x0000000008006b92                USBH_FreePipe
 *fill*         0x0000000008006bae        0x2 
 .text.USBH_UserProcess1
                0x0000000008006bb0       0x38 ./USB_HOST/App/usb_host.o
 .text.USBH_UserProcess2
                0x0000000008006be8        0x4 ./USB_HOST/App/usb_host.o
 .text.MX_USB_HOST_Init
                0x0000000008006bec       0x88 ./USB_HOST/App/usb_host.o
                0x0000000008006bec                MX_USB_HOST_Init
 .text.MX_USB_HOST_Process
                0x0000000008006c74       0x1c ./USB_HOST/App/usb_host.o
                0x0000000008006c74                MX_USB_HOST_Process
 .text.HAL_HCD_MspInit
                0x0000000008006c90      0x14c ./USB_HOST/Target/usbh_conf.o
                0x0000000008006c90                HAL_HCD_MspInit
 .text.HAL_HCD_SOF_Callback
                0x0000000008006ddc        0x8 ./USB_HOST/Target/usbh_conf.o
                0x0000000008006ddc                HAL_HCD_SOF_Callback
 .text.HAL_HCD_Connect_Callback
                0x0000000008006de4        0x8 ./USB_HOST/Target/usbh_conf.o
                0x0000000008006de4                HAL_HCD_Connect_Callback
 .text.HAL_HCD_Disconnect_Callback
                0x0000000008006dec        0x8 ./USB_HOST/Target/usbh_conf.o
                0x0000000008006dec                HAL_HCD_Disconnect_Callback
 .text.HAL_HCD_HC_NotifyURBChange_Callback
                0x0000000008006df4        0x2 ./USB_HOST/Target/usbh_conf.o
                0x0000000008006df4                HAL_HCD_HC_NotifyURBChange_Callback
 .text.HAL_HCD_PortEnabled_Callback
                0x0000000008006df6        0x8 ./USB_HOST/Target/usbh_conf.o
                0x0000000008006df6                HAL_HCD_PortEnabled_Callback
 .text.HAL_HCD_PortDisabled_Callback
                0x0000000008006dfe        0x8 ./USB_HOST/Target/usbh_conf.o
                0x0000000008006dfe                HAL_HCD_PortDisabled_Callback
 *fill*         0x0000000008006e06        0x2 
 .text.USBH_LL_Init
                0x0000000008006e08       0x9c ./USB_HOST/Target/usbh_conf.o
                0x0000000008006e08                USBH_LL_Init
 .text.USBH_LL_GetSpeed
                0x0000000008006ea4       0x14 ./USB_HOST/Target/usbh_conf.o
                0x0000000008006ea4                USBH_LL_GetSpeed
 .text.USBH_LL_GetLastXferSize
                0x0000000008006eb8        0x8 ./USB_HOST/Target/usbh_conf.o
                0x0000000008006eb8                USBH_LL_GetLastXferSize
 .text.USBH_LL_GetURBState
                0x0000000008006ec0        0x8 ./USB_HOST/Target/usbh_conf.o
                0x0000000008006ec0                USBH_LL_GetURBState
 .text.USBH_LL_DriverVBUS
                0x0000000008006ec8        0xc ./USB_HOST/Target/usbh_conf.o
                0x0000000008006ec8                USBH_LL_DriverVBUS
 .text.USBH_LL_SetToggle
                0x0000000008006ed4       0x1e ./USB_HOST/Target/usbh_conf.o
                0x0000000008006ed4                USBH_LL_SetToggle
 .text.USBH_Delay
                0x0000000008006ef2        0x4 ./USB_HOST/Target/usbh_conf.o
                0x0000000008006ef2                USBH_Delay
 *fill*         0x0000000008006ef6        0x2 
 .text.USBH_Get_USB_Status
                0x0000000008006ef8       0x10 ./USB_HOST/Target/usbh_conf.o
                0x0000000008006ef8                USBH_Get_USB_Status
 .text.USBH_LL_Start
                0x0000000008006f08       0x12 ./USB_HOST/Target/usbh_conf.o
                0x0000000008006f08                USBH_LL_Start
 .text.USBH_LL_Stop
                0x0000000008006f1a       0x12 ./USB_HOST/Target/usbh_conf.o
                0x0000000008006f1a                USBH_LL_Stop
 .text.USBH_LL_ResetPort
                0x0000000008006f2c       0x12 ./USB_HOST/Target/usbh_conf.o
                0x0000000008006f2c                USBH_LL_ResetPort
 .text.USBH_LL_OpenPipe
                0x0000000008006f3e       0x26 ./USB_HOST/Target/usbh_conf.o
                0x0000000008006f3e                USBH_LL_OpenPipe
 .text.USBH_LL_ClosePipe
                0x0000000008006f64       0x12 ./USB_HOST/Target/usbh_conf.o
                0x0000000008006f64                USBH_LL_ClosePipe
 .text.USBH_LL_SubmitURB
                0x0000000008006f76       0x2a ./USB_HOST/Target/usbh_conf.o
                0x0000000008006f76                USBH_LL_SubmitURB
 .text.__errno  0x0000000008006fa0        0xc /opt/st/stm32cubeide_1.11.2/plugins/com.st.stm32cube.ide.mcu.externaltools.gnu-tools-for-stm32.10.3-2021.10.linux64_1.0.200.202301161003/tools/bin/../lib/gcc/arm-none-eabi/10.3.1/../../../../arm-none-eabi/lib/thumb/v7e-m+fp/hard/libc_nano.a(lib_a-errno.o)
                0x0000000008006fa0                __errno
 .text.__libc_init_array
                0x0000000008006fac       0x48 /opt/st/stm32cubeide_1.11.2/plugins/com.st.stm32cube.ide.mcu.externaltools.gnu-tools-for-stm32.10.3-2021.10.linux64_1.0.200.202301161003/tools/bin/../lib/gcc/arm-none-eabi/10.3.1/../../../../arm-none-eabi/lib/thumb/v7e-m+fp/hard/libc_nano.a(lib_a-init.o)
                0x0000000008006fac                __libc_init_array
 .text.malloc   0x0000000008006ff4       0x10 /opt/st/stm32cubeide_1.11.2/plugins/com.st.stm32cube.ide.mcu.externaltools.gnu-tools-for-stm32.10.3-2021.10.linux64_1.0.200.202301161003/tools/bin/../lib/gcc/arm-none-eabi/10.3.1/../../../../arm-none-eabi/lib/thumb/v7e-m+fp/hard/libc_nano.a(lib_a-malloc.o)
                0x0000000008006ff4                malloc
 .text.free     0x0000000008007004       0x10 /opt/st/stm32cubeide_1.11.2/plugins/com.st.stm32cube.ide.mcu.externaltools.gnu-tools-for-stm32.10.3-2021.10.linux64_1.0.200.202301161003/tools/bin/../lib/gcc/arm-none-eabi/10.3.1/../../../../arm-none-eabi/lib/thumb/v7e-m+fp/hard/libc_nano.a(lib_a-malloc.o)
                0x0000000008007004                free
 .text.memset   0x0000000008007014       0x10 /opt/st/stm32cubeide_1.11.2/plugins/com.st.stm32cube.ide.mcu.externaltools.gnu-tools-for-stm32.10.3-2021.10.linux64_1.0.200.202301161003/tools/bin/../lib/gcc/arm-none-eabi/10.3.1/../../../../arm-none-eabi/lib/thumb/v7e-m+fp/hard/libc_nano.a(lib_a-memset.o)
                0x0000000008007014                memset
 .text._free_r  0x0000000008007024       0x98 /opt/st/stm32cubeide_1.11.2/plugins/com.st.stm32cube.ide.mcu.externaltools.gnu-tools-for-stm32.10.3-2021.10.linux64_1.0.200.202301161003/tools/bin/../lib/gcc/arm-none-eabi/10.3.1/../../../../arm-none-eabi/lib/thumb/v7e-m+fp/hard/libc_nano.a(lib_a-nano-freer.o)
                0x0000000008007024                _free_r
 .text.sbrk_aligned
                0x00000000080070bc       0x40 /opt/st/stm32cubeide_1.11.2/plugins/com.st.stm32cube.ide.mcu.externaltools.gnu-tools-for-stm32.10.3-2021.10.linux64_1.0.200.202301161003/tools/bin/../lib/gcc/arm-none-eabi/10.3.1/../../../../arm-none-eabi/lib/thumb/v7e-m+fp/hard/libc_nano.a(lib_a-nano-mallocr.o)
 .text._malloc_r
                0x00000000080070fc       0xe8 /opt/st/stm32cubeide_1.11.2/plugins/com.st.stm32cube.ide.mcu.externaltools.gnu-tools-for-stm32.10.3-2021.10.linux64_1.0.200.202301161003/tools/bin/../lib/gcc/arm-none-eabi/10.3.1/../../../../arm-none-eabi/lib/thumb/v7e-m+fp/hard/libc_nano.a(lib_a-nano-mallocr.o)
                0x00000000080070fc                _malloc_r
 .text._sbrk_r  0x00000000080071e4       0x20 /opt/st/stm32cubeide_1.11.2/plugins/com.st.stm32cube.ide.mcu.externaltools.gnu-tools-for-stm32.10.3-2021.10.linux64_1.0.200.202301161003/tools/bin/../lib/gcc/arm-none-eabi/10.3.1/../../../../arm-none-eabi/lib/thumb/v7e-m+fp/hard/libc_nano.a(lib_a-sbrkr.o)
                0x00000000080071e4                _sbrk_r
 .text.__malloc_lock
                0x0000000008007204        0xc /opt/st/stm32cubeide_1.11.2/plugins/com.st.stm32cube.ide.mcu.externaltools.gnu-tools-for-stm32.10.3-2021.10.linux64_1.0.200.202301161003/tools/bin/../lib/gcc/arm-none-eabi/10.3.1/../../../../arm-none-eabi/lib/thumb/v7e-m+fp/hard/libc_nano.a(lib_a-mlock.o)
                0x0000000008007204                __malloc_lock
 .text.__malloc_unlock
                0x0000000008007210        0xc /opt/st/stm32cubeide_1.11.2/plugins/com.st.stm32cube.ide.mcu.externaltools.gnu-tools-for-stm32.10.3-2021.10.linux64_1.0.200.202301161003/tools/bin/../lib/gcc/arm-none-eabi/10.3.1/../../../../arm-none-eabi/lib/thumb/v7e-m+fp/hard/libc_nano.a(lib_a-mlock.o)
                0x0000000008007210                __malloc_unlock
 .text.__retarget_lock_acquire_recursive
                0x000000000800721c        0x2 /opt/st/stm32cubeide_1.11.2/plugins/com.st.stm32cube.ide.mcu.externaltools.gnu-tools-for-stm32.10.3-2021.10.linux64_1.0.200.202301161003/tools/bin/../lib/gcc/arm-none-eabi/10.3.1/../../../../arm-none-eabi/lib/thumb/v7e-m+fp/hard/libc_nano.a(lib_a-lock.o)
                0x000000000800721c                __retarget_lock_acquire_recursive
 .text.__retarget_lock_release_recursive
                0x000000000800721e        0x2 /opt/st/stm32cubeide_1.11.2/plugins/com.st.stm32cube.ide.mcu.externaltools.gnu-tools-for-stm32.10.3-2021.10.linux64_1.0.200.202301161003/tools/bin/../lib/gcc/arm-none-eabi/10.3.1/../../../../arm-none-eabi/lib/thumb/v7e-m+fp/hard/libc_nano.a(lib_a-lock.o)
                0x000000000800721e                __retarget_lock_release_recursive
 *(.glue_7)
 .glue_7        0x0000000008007220        0x0 linker stubs
 *(.glue_7t)
 .glue_7t       0x0000000008007220        0x0 linker stubs
 *(.eh_frame)
 .eh_frame      0x0000000008007220        0x0 /opt/st/stm32cubeide_1.11.2/plugins/com.st.stm32cube.ide.mcu.externaltools.gnu-tools-for-stm32.10.3-2021.10.linux64_1.0.200.202301161003/tools/bin/../lib/gcc/arm-none-eabi/10.3.1/thumb/v7e-m+fp/hard/crtbegin.o
 *(.init)
 .init          0x0000000008007220        0x4 /opt/st/stm32cubeide_1.11.2/plugins/com.st.stm32cube.ide.mcu.externaltools.gnu-tools-for-stm32.10.3-2021.10.linux64_1.0.200.202301161003/tools/bin/../lib/gcc/arm-none-eabi/10.3.1/thumb/v7e-m+fp/hard/crti.o
                0x0000000008007220                _init
 .init          0x0000000008007224        0x8 /opt/st/stm32cubeide_1.11.2/plugins/com.st.stm32cube.ide.mcu.externaltools.gnu-tools-for-stm32.10.3-2021.10.linux64_1.0.200.202301161003/tools/bin/../lib/gcc/arm-none-eabi/10.3.1/thumb/v7e-m+fp/hard/crtn.o
 *(.fini)
 .fini          0x000000000800722c        0x4 /opt/st/stm32cubeide_1.11.2/plugins/com.st.stm32cube.ide.mcu.externaltools.gnu-tools-for-stm32.10.3-2021.10.linux64_1.0.200.202301161003/tools/bin/../lib/gcc/arm-none-eabi/10.3.1/thumb/v7e-m+fp/hard/crti.o
                0x000000000800722c                _fini
 .fini          0x0000000008007230        0x8 /opt/st/stm32cubeide_1.11.2/plugins/com.st.stm32cube.ide.mcu.externaltools.gnu-tools-for-stm32.10.3-2021.10.linux64_1.0.200.202301161003/tools/bin/../lib/gcc/arm-none-eabi/10.3.1/thumb/v7e-m+fp/hard/crtn.o
                0x0000000008007238                . = ALIGN (0x4)
                0x0000000008007238                _etext = .

.vfp11_veneer   0x0000000008007238        0x0
 .vfp11_veneer  0x0000000008007238        0x0 linker stubs

.v4_bx          0x0000000008007238        0x0
 .v4_bx         0x0000000008007238        0x0 linker stubs

.iplt           0x0000000008007238        0x0
 .iplt          0x0000000008007238        0x0 /opt/st/stm32cubeide_1.11.2/plugins/com.st.stm32cube.ide.mcu.externaltools.gnu-tools-for-stm32.10.3-2021.10.linux64_1.0.200.202301161003/tools/bin/../lib/gcc/arm-none-eabi/10.3.1/thumb/v7e-m+fp/hard/crtbegin.o

.rodata         0x0000000008007238      0x384
                0x0000000008007238                . = ALIGN (0x4)
 *(.rodata)
 *(.rodata*)
 .rodata.msxkeymap
                0x0000000008007238      0x10e ./Core/Src/msx.o
 .rodata.AHBPrescTable
                0x0000000008007346       0x10 ./Core/Src/system_stm32f7xx.o
                0x0000000008007346                AHBPrescTable
 .rodata.APBPrescTable
                0x0000000008007356        0x8 ./Core/Src/system_stm32f7xx.o
                0x0000000008007356                APBPrescTable
 .rodata.CSWTCH.53
                0x000000000800735e        0x3 ./Drivers/STM32F7xx_HAL_Driver/Src/stm32f7xx_hal_uart.o
 .rodata.CSWTCH.54
                0x0000000008007361        0xd ./Drivers/STM32F7xx_HAL_Driver/Src/stm32f7xx_hal_uart.o
 .rodata.str1.1
                0x000000000800736e        0x4 ./Middlewares/ST/STM32_USB_Host_Library/Class/HID/Src/usbh_hid.o
 *fill*         0x0000000008007372        0x2 
 .rodata.imp_0_key_array
                0x0000000008007374       0x20 ./Middlewares/ST/STM32_USB_Host_Library/Class/HID/Src/usbh_hid_keybd.o
 .rodata.imp_0_lalt
                0x0000000008007394       0x20 ./Middlewares/ST/STM32_USB_Host_Library/Class/HID/Src/usbh_hid_keybd.o
 .rodata.imp_0_lctrl
                0x00000000080073b4       0x20 ./Middlewares/ST/STM32_USB_Host_Library/Class/HID/Src/usbh_hid_keybd.o
 .rodata.imp_0_lgui
                0x00000000080073d4       0x20 ./Middlewares/ST/STM32_USB_Host_Library/Class/HID/Src/usbh_hid_keybd.o
 .rodata.imp_0_lshift
                0x00000000080073f4       0x20 ./Middlewares/ST/STM32_USB_Host_Library/Class/HID/Src/usbh_hid_keybd.o
 .rodata.imp_0_ralt
                0x0000000008007414       0x20 ./Middlewares/ST/STM32_USB_Host_Library/Class/HID/Src/usbh_hid_keybd.o
 .rodata.imp_0_rctrl
                0x0000000008007434       0x20 ./Middlewares/ST/STM32_USB_Host_Library/Class/HID/Src/usbh_hid_keybd.o
 .rodata.imp_0_rgui
                0x0000000008007454       0x20 ./Middlewares/ST/STM32_USB_Host_Library/Class/HID/Src/usbh_hid_keybd.o
 .rodata.imp_0_rshift
                0x0000000008007474       0x20 ./Middlewares/ST/STM32_USB_Host_Library/Class/HID/Src/usbh_hid_keybd.o
 .rodata.str1.1
                0x0000000008007494        0x4 ./Middlewares/ST/STM32_USB_Host_Library/Class/HUBHID/Src/usbh_hub.o
 .rodata.imp_0_key_array
                0x0000000008007498       0x20 ./Middlewares/ST/STM32_USB_Host_Library/Class/HUBHID/Src/usbh_hub_keybd.o
 .rodata.imp_0_lalt
                0x00000000080074b8       0x20 ./Middlewares/ST/STM32_USB_Host_Library/Class/HUBHID/Src/usbh_hub_keybd.o
 .rodata.imp_0_lctrl
                0x00000000080074d8       0x20 ./Middlewares/ST/STM32_USB_Host_Library/Class/HUBHID/Src/usbh_hub_keybd.o
 .rodata.imp_0_lgui
                0x00000000080074f8       0x20 ./Middlewares/ST/STM32_USB_Host_Library/Class/HUBHID/Src/usbh_hub_keybd.o
 .rodata.imp_0_lshift
                0x0000000008007518       0x20 ./Middlewares/ST/STM32_USB_Host_Library/Class/HUBHID/Src/usbh_hub_keybd.o
 .rodata.imp_0_ralt
                0x0000000008007538       0x20 ./Middlewares/ST/STM32_USB_Host_Library/Class/HUBHID/Src/usbh_hub_keybd.o
 .rodata.imp_0_rctrl
                0x0000000008007558       0x20 ./Middlewares/ST/STM32_USB_Host_Library/Class/HUBHID/Src/usbh_hub_keybd.o
 .rodata.imp_0_rgui
                0x0000000008007578       0x20 ./Middlewares/ST/STM32_USB_Host_Library/Class/HUBHID/Src/usbh_hub_keybd.o
 .rodata.imp_0_rshift
                0x0000000008007598       0x20 ./Middlewares/ST/STM32_USB_Host_Library/Class/HUBHID/Src/usbh_hub_keybd.o
 .rodata.CSWTCH.23
                0x00000000080075b8        0x4 ./USB_HOST/Target/usbh_conf.o
                0x00000000080075bc                . = ALIGN (0x4)

.ARM.extab      0x00000000080075bc        0x0
                0x00000000080075bc                . = ALIGN (0x4)
 *(.ARM.extab* .gnu.linkonce.armextab.*)
                0x00000000080075bc                . = ALIGN (0x4)

.ARM            0x00000000080075bc        0x8
                0x00000000080075bc                . = ALIGN (0x4)
                0x00000000080075bc                __exidx_start = .
 *(.ARM.exidx*)
 .ARM.exidx     0x00000000080075bc        0x8 /opt/st/stm32cubeide_1.11.2/plugins/com.st.stm32cube.ide.mcu.externaltools.gnu-tools-for-stm32.10.3-2021.10.linux64_1.0.200.202301161003/tools/bin/../lib/gcc/arm-none-eabi/10.3.1/thumb/v7e-m+fp/hard/libgcc.a(_udivmoddi4.o)
                0x00000000080075c4                __exidx_end = .
                0x00000000080075c4                . = ALIGN (0x4)

.rel.dyn        0x00000000080075c4        0x0
 .rel.iplt      0x00000000080075c4        0x0 /opt/st/stm32cubeide_1.11.2/plugins/com.st.stm32cube.ide.mcu.externaltools.gnu-tools-for-stm32.10.3-2021.10.linux64_1.0.200.202301161003/tools/bin/../lib/gcc/arm-none-eabi/10.3.1/thumb/v7e-m+fp/hard/crtbegin.o

.preinit_array  0x00000000080075c4        0x0
                0x00000000080075c4                . = ALIGN (0x4)
                0x00000000080075c4                PROVIDE (__preinit_array_start = .)
 *(.preinit_array*)
                0x00000000080075c4                PROVIDE (__preinit_array_end = .)
                0x00000000080075c4                . = ALIGN (0x4)

.init_array     0x00000000080075c4        0x4
                0x00000000080075c4                . = ALIGN (0x4)
                0x00000000080075c4                PROVIDE (__init_array_start = .)
 *(SORT_BY_NAME(.init_array.*))
 *(.init_array*)
 .init_array    0x00000000080075c4        0x4 /opt/st/stm32cubeide_1.11.2/plugins/com.st.stm32cube.ide.mcu.externaltools.gnu-tools-for-stm32.10.3-2021.10.linux64_1.0.200.202301161003/tools/bin/../lib/gcc/arm-none-eabi/10.3.1/thumb/v7e-m+fp/hard/crtbegin.o
                0x00000000080075c8                PROVIDE (__init_array_end = .)
                0x00000000080075c8                . = ALIGN (0x4)

.fini_array     0x00000000080075c8        0x4
                0x00000000080075c8                . = ALIGN (0x4)
                [!provide]                        PROVIDE (__fini_array_start = .)
 *(SORT_BY_NAME(.fini_array.*))
 *(.fini_array*)
 .fini_array    0x00000000080075c8        0x4 /opt/st/stm32cubeide_1.11.2/plugins/com.st.stm32cube.ide.mcu.externaltools.gnu-tools-for-stm32.10.3-2021.10.linux64_1.0.200.202301161003/tools/bin/../lib/gcc/arm-none-eabi/10.3.1/thumb/v7e-m+fp/hard/crtbegin.o
                [!provide]                        PROVIDE (__fini_array_end = .)
                0x00000000080075cc                . = ALIGN (0x4)
                0x00000000080075cc                _sidata = LOADADDR (.data)

.data           0x0000000020000000       0xec load address 0x00000000080075cc
                0x0000000020000000                . = ALIGN (0x4)
                0x0000000020000000                _sdata = .
 *(.data)
 *(.data*)
 .data.SystemCoreClock
                0x0000000020000000        0x4 ./Core/Src/system_stm32f7xx.o
                0x0000000020000000                SystemCoreClock
 .data.uwTickFreq
                0x0000000020000004        0x1 ./Drivers/STM32F7xx_HAL_Driver/Src/stm32f7xx_hal.o
                0x0000000020000004                uwTickFreq
 *fill*         0x0000000020000005        0x3 
 .data.uwTickPrio
                0x0000000020000008        0x4 ./Drivers/STM32F7xx_HAL_Driver/Src/stm32f7xx_hal.o
                0x0000000020000008                uwTickPrio
 .data.HID_Class
                0x000000002000000c       0x28 ./Middlewares/ST/STM32_USB_Host_Library/Class/HID/Src/usbh_hid.o
                0x000000002000000c                HID_Class
 .data.HID_ClassHS
                0x0000000020000034       0x28 ./Middlewares/ST/STM32_USB_Host_Library/Class/HID/Src/usbh_hid.o
                0x0000000020000034                HID_ClassHS
 .data.HUB_Class
                0x000000002000005c       0x28 ./Middlewares/ST/STM32_USB_Host_Library/Class/HUBHID/Src/usbh_hub.o
                0x000000002000005c                HUB_Class
 .data.PortNumber.0
                0x0000000020000084        0x1 ./Middlewares/ST/STM32_USB_Host_Library/Class/HUBHID/Src/usbh_hub.o
 *fill*         0x0000000020000085        0x3 
 .data._impure_ptr
                0x0000000020000088        0x4 /opt/st/stm32cubeide_1.11.2/plugins/com.st.stm32cube.ide.mcu.externaltools.gnu-tools-for-stm32.10.3-2021.10.linux64_1.0.200.202301161003/tools/bin/../lib/gcc/arm-none-eabi/10.3.1/../../../../arm-none-eabi/lib/thumb/v7e-m+fp/hard/libc_nano.a(lib_a-impure.o)
                0x0000000020000088                _impure_ptr
 .data.impure_data
                0x000000002000008c       0x60 /opt/st/stm32cubeide_1.11.2/plugins/com.st.stm32cube.ide.mcu.externaltools.gnu-tools-for-stm32.10.3-2021.10.linux64_1.0.200.202301161003/tools/bin/../lib/gcc/arm-none-eabi/10.3.1/../../../../arm-none-eabi/lib/thumb/v7e-m+fp/hard/libc_nano.a(lib_a-impure.o)
 *(.RamFunc)
 *(.RamFunc*)
                0x00000000200000ec                . = ALIGN (0x4)
                0x00000000200000ec                _edata = .

.igot.plt       0x00000000200000ec        0x0 load address 0x00000000080076b8
 .igot.plt      0x00000000200000ec        0x0 /opt/st/stm32cubeide_1.11.2/plugins/com.st.stm32cube.ide.mcu.externaltools.gnu-tools-for-stm32.10.3-2021.10.linux64_1.0.200.202301161003/tools/bin/../lib/gcc/arm-none-eabi/10.3.1/thumb/v7e-m+fp/hard/crtbegin.o
                0x00000000200000ec                . = ALIGN (0x4)

.bss            0x00000000200000ec      0xfd4 load address 0x00000000080076b8
                0x00000000200000ec                _sbss = .
                0x00000000200000ec                __bss_start__ = _sbss
 *(.bss)
 .bss           0x00000000200000ec       0x1c /opt/st/stm32cubeide_1.11.2/plugins/com.st.stm32cube.ide.mcu.externaltools.gnu-tools-for-stm32.10.3-2021.10.linux64_1.0.200.202301161003/tools/bin/../lib/gcc/arm-none-eabi/10.3.1/thumb/v7e-m+fp/hard/crtbegin.o
 *(.bss*)
 .bss.hdac      0x0000000020000108       0x14 ./Core/Src/dac.o
                0x0000000020000108                hdac
 .bss.MSX_Matrix_data
                0x000000002000011c       0x2c ./Core/Src/msx.o
                0x000000002000011c                MSX_Matrix_data
 .bss.MSX_Matrix_temp
                0x0000000020000148       0x2c ./Core/Src/msx.o
                0x0000000020000148                MSX_Matrix_temp
 .bss.htim14    0x0000000020000174       0x4c ./Core/Src/stm32f7xx_hal_timebase_tim.o
                0x0000000020000174                htim14
 .bss.__sbrk_heap_end
                0x00000000200001c0        0x4 ./Core/Src/sysmem.o
 .bss.huart5    0x00000000200001c4       0x88 ./Core/Src/usart.o
                0x00000000200001c4                huart5
 .bss.uwTick    0x000000002000024c        0x4 ./Drivers/STM32F7xx_HAL_Driver/Src/stm32f7xx_hal.o
                0x000000002000024c                uwTick
 .bss.pFlash    0x0000000020000250       0x1c ./Drivers/STM32F7xx_HAL_Driver/Src/stm32f7xx_hal_flash.o
                0x0000000020000250                pFlash
 .bss.gamepad_info
                0x000000002000026c        0x2 ./Middlewares/ST/STM32_USB_Host_Library/Class/HID/Src/usbh_hid_gamepad.o
                0x000000002000026c                gamepad_info
 *fill*         0x000000002000026e        0x2 
 .bss.gamepad_report_data
                0x0000000020000270        0x4 ./Middlewares/ST/STM32_USB_Host_Library/Class/HID/Src/usbh_hid_gamepad.o
 .bss.keybd_info
                0x0000000020000274        0xf ./Middlewares/ST/STM32_USB_Host_Library/Class/HID/Src/usbh_hid_keybd.o
                0x0000000020000274                keybd_info
 *fill*         0x0000000020000283        0x1 
 .bss.keybd_report_data
                0x0000000020000284        0x8 ./Middlewares/ST/STM32_USB_Host_Library/Class/HID/Src/usbh_hid_keybd.o
                0x0000000020000284                keybd_report_data
 .bss.keybd_rx_report_buf
                0x000000002000028c        0x8 ./Middlewares/ST/STM32_USB_Host_Library/Class/HID/Src/usbh_hid_keybd.o
                0x000000002000028c                keybd_rx_report_buf
 .bss.mouse_info
                0x0000000020000294        0x8 ./Middlewares/ST/STM32_USB_Host_Library/Class/HID/Src/usbh_hid_mouse.o
                0x0000000020000294                mouse_info
 .bss.mouse_report_data
                0x000000002000029c        0x8 ./Middlewares/ST/STM32_USB_Host_Library/Class/HID/Src/usbh_hid_mouse.o
                0x000000002000029c                mouse_report_data
 .bss.mouse_rx_report_buf
                0x00000000200002a4        0x8 ./Middlewares/ST/STM32_USB_Host_Library/Class/HID/Src/usbh_hid_mouse.o
                0x00000000200002a4                mouse_rx_report_buf
 .bss.hub_gamepad_info
                0x00000000200002ac        0x2 ./Middlewares/ST/STM32_USB_Host_Library/Class/HUBHID/Src/usbh_hub_gamepad.o
                0x00000000200002ac                hub_gamepad_info
 *fill*         0x00000000200002ae        0x2 
 .bss.hub_gamepad_report_data
                0x00000000200002b0        0x4 ./Middlewares/ST/STM32_USB_Host_Library/Class/HUBHID/Src/usbh_hub_gamepad.o
 .bss.hub_keybd_info
                0x00000000200002b4        0xf ./Middlewares/ST/STM32_USB_Host_Library/Class/HUBHID/Src/usbh_hub_keybd.o
                0x00000000200002b4                hub_keybd_info
 *fill*         0x00000000200002c3        0x1 
 .bss.hub_keybd_report_data
                0x00000000200002c4        0x8 ./Middlewares/ST/STM32_USB_Host_Library/Class/HUBHID/Src/usbh_hub_keybd.o
                0x00000000200002c4                hub_keybd_report_data
 .bss.hub_keybd_rx_report_buf
                0x00000000200002cc        0x8 ./Middlewares/ST/STM32_USB_Host_Library/Class/HUBHID/Src/usbh_hub_keybd.o
                0x00000000200002cc                hub_keybd_rx_report_buf
 .bss.hub_mouse_info
                0x00000000200002d4        0x8 ./Middlewares/ST/STM32_USB_Host_Library/Class/HUBHID/Src/usbh_hub_mouse.o
                0x00000000200002d4                hub_mouse_info
 .bss.hub_mouse_report_data
                0x00000000200002dc        0x8 ./Middlewares/ST/STM32_USB_Host_Library/Class/HUBHID/Src/usbh_hub_mouse.o
                0x00000000200002dc                hub_mouse_report_data
 .bss.hub_mouse_rx_report_buf
                0x00000000200002e4        0x8 ./Middlewares/ST/STM32_USB_Host_Library/Class/HUBHID/Src/usbh_hub_mouse.o
                0x00000000200002e4                hub_mouse_rx_report_buf
 .bss.Appli_state
                0x00000000200002ec        0x1 ./USB_HOST/App/usb_host.o
                0x00000000200002ec                Appli_state
 *fill*         0x00000000200002ed        0x3 
 .bss.hUsbHostFS
                0x00000000200002f0      0x3dc ./USB_HOST/App/usb_host.o
                0x00000000200002f0                hUsbHostFS
 .bss.hUsbHostHS
                0x00000000200006cc      0x3dc ./USB_HOST/App/usb_host.o
                0x00000000200006cc                hUsbHostHS
 .bss.hhcd_USB_OTG_FS
                0x0000000020000aa8      0x304 ./USB_HOST/Target/usbh_conf.o
                0x0000000020000aa8                hhcd_USB_OTG_FS
 .bss.hhcd_USB_OTG_HS
                0x0000000020000dac      0x304 ./USB_HOST/Target/usbh_conf.o
                0x0000000020000dac                hhcd_USB_OTG_HS
 .bss.__malloc_free_list
                0x00000000200010b0        0x4 /opt/st/stm32cubeide_1.11.2/plugins/com.st.stm32cube.ide.mcu.externaltools.gnu-tools-for-stm32.10.3-2021.10.linux64_1.0.200.202301161003/tools/bin/../lib/gcc/arm-none-eabi/10.3.1/../../../../arm-none-eabi/lib/thumb/v7e-m+fp/hard/libc_nano.a(lib_a-nano-mallocr.o)
                0x00000000200010b0                __malloc_free_list
 .bss.__malloc_sbrk_start
                0x00000000200010b4        0x4 /opt/st/stm32cubeide_1.11.2/plugins/com.st.stm32cube.ide.mcu.externaltools.gnu-tools-for-stm32.10.3-2021.10.linux64_1.0.200.202301161003/tools/bin/../lib/gcc/arm-none-eabi/10.3.1/../../../../arm-none-eabi/lib/thumb/v7e-m+fp/hard/libc_nano.a(lib_a-nano-mallocr.o)
                0x00000000200010b4                __malloc_sbrk_start
 .bss.errno     0x00000000200010b8        0x4 /opt/st/stm32cubeide_1.11.2/plugins/com.st.stm32cube.ide.mcu.externaltools.gnu-tools-for-stm32.10.3-2021.10.linux64_1.0.200.202301161003/tools/bin/../lib/gcc/arm-none-eabi/10.3.1/../../../../arm-none-eabi/lib/thumb/v7e-m+fp/hard/libc_nano.a(lib_a-reent.o)
                0x00000000200010b8                errno
 .bss.__lock___malloc_recursive_mutex
                0x00000000200010bc        0x1 /opt/st/stm32cubeide_1.11.2/plugins/com.st.stm32cube.ide.mcu.externaltools.gnu-tools-for-stm32.10.3-2021.10.linux64_1.0.200.202301161003/tools/bin/../lib/gcc/arm-none-eabi/10.3.1/../../../../arm-none-eabi/lib/thumb/v7e-m+fp/hard/libc_nano.a(lib_a-lock.o)
                0x00000000200010bc                __lock___malloc_recursive_mutex
 *(COMMON)
                0x00000000200010c0                . = ALIGN (0x4)
 *fill*         0x00000000200010bd        0x3 
                0x00000000200010c0                _ebss = .
                0x00000000200010c0                __bss_end__ = _ebss

._user_heap_stack
                0x00000000200010c0     0x4000 load address 0x00000000080076b8
                0x00000000200010c0                . = ALIGN (0x8)
                [!provide]                        PROVIDE (end = .)
                0x00000000200010c0                PROVIDE (_end = .)
                0x00000000200030c0                . = (. + _Min_Heap_Size)
 *fill*         0x00000000200010c0     0x2000 
                0x00000000200050c0                . = (. + _Min_Stack_Size)
 *fill*         0x00000000200030c0     0x2000 
                0x00000000200050c0                . = ALIGN (0x8)

/DISCARD/
 libc.a(*)
 libm.a(*)
 libgcc.a(*)

.ARM.attributes
                0x0000000000000000       0x30
 *(.ARM.attributes)
 .ARM.attributes
                0x0000000000000000       0x1e /opt/st/stm32cubeide_1.11.2/plugins/com.st.stm32cube.ide.mcu.externaltools.gnu-tools-for-stm32.10.3-2021.10.linux64_1.0.200.202301161003/tools/bin/../lib/gcc/arm-none-eabi/10.3.1/thumb/v7e-m+fp/hard/crti.o
 .ARM.attributes
                0x000000000000001e       0x34 /opt/st/stm32cubeide_1.11.2/plugins/com.st.stm32cube.ide.mcu.externaltools.gnu-tools-for-stm32.10.3-2021.10.linux64_1.0.200.202301161003/tools/bin/../lib/gcc/arm-none-eabi/10.3.1/thumb/v7e-m+fp/hard/crtbegin.o
 .ARM.attributes
                0x0000000000000052       0x34 ./Core/Src/dac.o
 .ARM.attributes
                0x0000000000000086       0x34 ./Core/Src/gpio.o
 .ARM.attributes
                0x00000000000000ba       0x34 ./Core/Src/joystick.o
 .ARM.attributes
                0x00000000000000ee       0x34 ./Core/Src/main.o
 .ARM.attributes
                0x0000000000000122       0x34 ./Core/Src/msx.o
 .ARM.attributes
                0x0000000000000156       0x34 ./Core/Src/stm32f7xx_hal_msp.o
 .ARM.attributes
                0x000000000000018a       0x34 ./Core/Src/stm32f7xx_hal_timebase_tim.o
 .ARM.attributes
                0x00000000000001be       0x34 ./Core/Src/stm32f7xx_it.o
 .ARM.attributes
                0x00000000000001f2       0x34 ./Core/Src/sysmem.o
 .ARM.attributes
                0x0000000000000226       0x34 ./Core/Src/system_stm32f7xx.o
 .ARM.attributes
                0x000000000000025a       0x34 ./Core/Src/usart.o
 .ARM.attributes
                0x000000000000028e       0x34 ./Core/Src/utils.o
 .ARM.attributes
                0x00000000000002c2       0x21 ./Core/Startup/startup_stm32f730r8tx.o
 .ARM.attributes
                0x00000000000002e3       0x34 ./Drivers/STM32F7xx_HAL_Driver/Src/stm32f7xx_hal.o
 .ARM.attributes
                0x0000000000000317       0x34 ./Drivers/STM32F7xx_HAL_Driver/Src/stm32f7xx_hal_cortex.o
 .ARM.attributes
                0x000000000000034b       0x34 ./Drivers/STM32F7xx_HAL_Driver/Src/stm32f7xx_hal_dac.o
 .ARM.attributes
                0x000000000000037f       0x34 ./Drivers/STM32F7xx_HAL_Driver/Src/stm32f7xx_hal_dac_ex.o
 .ARM.attributes
                0x00000000000003b3       0x34 ./Drivers/STM32F7xx_HAL_Driver/Src/stm32f7xx_hal_dma.o
 .ARM.attributes
                0x00000000000003e7       0x34 ./Drivers/STM32F7xx_HAL_Driver/Src/stm32f7xx_hal_flash.o
 .ARM.attributes
                0x000000000000041b       0x34 ./Drivers/STM32F7xx_HAL_Driver/Src/stm32f7xx_hal_flash_ex.o
 .ARM.attributes
                0x000000000000044f       0x34 ./Drivers/STM32F7xx_HAL_Driver/Src/stm32f7xx_hal_gpio.o
 .ARM.attributes
                0x0000000000000483       0x34 ./Drivers/STM32F7xx_HAL_Driver/Src/stm32f7xx_hal_hcd.o
 .ARM.attributes
                0x00000000000004b7       0x34 ./Drivers/STM32F7xx_HAL_Driver/Src/stm32f7xx_hal_pwr.o
 .ARM.attributes
                0x00000000000004eb       0x34 ./Drivers/STM32F7xx_HAL_Driver/Src/stm32f7xx_hal_pwr_ex.o
 .ARM.attributes
                0x000000000000051f       0x34 ./Drivers/STM32F7xx_HAL_Driver/Src/stm32f7xx_hal_rcc.o
 .ARM.attributes
                0x0000000000000553       0x34 ./Drivers/STM32F7xx_HAL_Driver/Src/stm32f7xx_hal_rcc_ex.o
 .ARM.attributes
                0x0000000000000587       0x34 ./Drivers/STM32F7xx_HAL_Driver/Src/stm32f7xx_hal_tim.o
 .ARM.attributes
                0x00000000000005bb       0x34 ./Drivers/STM32F7xx_HAL_Driver/Src/stm32f7xx_hal_tim_ex.o
 .ARM.attributes
                0x00000000000005ef       0x34 ./Drivers/STM32F7xx_HAL_Driver/Src/stm32f7xx_hal_uart.o
 .ARM.attributes
                0x0000000000000623       0x34 ./Drivers/STM32F7xx_HAL_Driver/Src/stm32f7xx_ll_exti.o
 .ARM.attributes
                0x0000000000000657       0x34 ./Drivers/STM32F7xx_HAL_Driver/Src/stm32f7xx_ll_gpio.o
 .ARM.attributes
                0x000000000000068b       0x34 ./Drivers/STM32F7xx_HAL_Driver/Src/stm32f7xx_ll_usb.o
 .ARM.attributes
                0x00000000000006bf       0x34 ./Middlewares/ST/STM32_USB_Host_Library/Class/HID/Src/usbh_hid.o
 .ARM.attributes
                0x00000000000006f3       0x34 ./Middlewares/ST/STM32_USB_Host_Library/Class/HID/Src/usbh_hid_gamepad.o
 .ARM.attributes
                0x0000000000000727       0x34 ./Middlewares/ST/STM32_USB_Host_Library/Class/HID/Src/usbh_hid_keybd.o
 .ARM.attributes
                0x000000000000075b       0x34 ./Middlewares/ST/STM32_USB_Host_Library/Class/HID/Src/usbh_hid_mouse.o
 .ARM.attributes
                0x000000000000078f       0x34 ./Middlewares/ST/STM32_USB_Host_Library/Class/HID/Src/usbh_hid_parser.o
 .ARM.attributes
                0x00000000000007c3       0x34 ./Middlewares/ST/STM32_USB_Host_Library/Class/HID/Src/usbh_hid_reportparser.o
 .ARM.attributes
                0x00000000000007f7       0x34 ./Middlewares/ST/STM32_USB_Host_Library/Class/HUBHID/Src/usbh_hub.o
 .ARM.attributes
                0x000000000000082b       0x34 ./Middlewares/ST/STM32_USB_Host_Library/Class/HUBHID/Src/usbh_hub_gamepad.o
 .ARM.attributes
                0x000000000000085f       0x34 ./Middlewares/ST/STM32_USB_Host_Library/Class/HUBHID/Src/usbh_hub_keybd.o
 .ARM.attributes
                0x0000000000000893       0x34 ./Middlewares/ST/STM32_USB_Host_Library/Class/HUBHID/Src/usbh_hub_mouse.o
 .ARM.attributes
                0x00000000000008c7       0x34 ./Middlewares/ST/STM32_USB_Host_Library/Class/HUBHID/Src/usbh_hubctrl.o
 .ARM.attributes
                0x00000000000008fb       0x34 ./Middlewares/ST/STM32_USB_Host_Library/Class/HUBHID/Src/usbh_hubenum.o
 .ARM.attributes
                0x000000000000092f       0x34 ./Middlewares/ST/STM32_USB_Host_Library/Core/Src/usbh_core.o
 .ARM.attributes
                0x0000000000000963       0x34 ./Middlewares/ST/STM32_USB_Host_Library/Core/Src/usbh_ctlreq.o
 .ARM.attributes
                0x0000000000000997       0x34 ./Middlewares/ST/STM32_USB_Host_Library/Core/Src/usbh_ioreq.o
 .ARM.attributes
                0x00000000000009cb       0x34 ./Middlewares/ST/STM32_USB_Host_Library/Core/Src/usbh_pipes.o
 .ARM.attributes
                0x00000000000009ff       0x34 ./USB_HOST/App/usb_host.o
 .ARM.attributes
                0x0000000000000a33       0x34 ./USB_HOST/Target/usbh_conf.o
 .ARM.attributes
                0x0000000000000a67       0x34 /opt/st/stm32cubeide_1.11.2/plugins/com.st.stm32cube.ide.mcu.externaltools.gnu-tools-for-stm32.10.3-2021.10.linux64_1.0.200.202301161003/tools/bin/../lib/gcc/arm-none-eabi/10.3.1/../../../../arm-none-eabi/lib/thumb/v7e-m+fp/hard/libc_nano.a(lib_a-errno.o)
 .ARM.attributes
                0x0000000000000a9b       0x34 /opt/st/stm32cubeide_1.11.2/plugins/com.st.stm32cube.ide.mcu.externaltools.gnu-tools-for-stm32.10.3-2021.10.linux64_1.0.200.202301161003/tools/bin/../lib/gcc/arm-none-eabi/10.3.1/../../../../arm-none-eabi/lib/thumb/v7e-m+fp/hard/libc_nano.a(lib_a-impure.o)
 .ARM.attributes
                0x0000000000000acf       0x34 /opt/st/stm32cubeide_1.11.2/plugins/com.st.stm32cube.ide.mcu.externaltools.gnu-tools-for-stm32.10.3-2021.10.linux64_1.0.200.202301161003/tools/bin/../lib/gcc/arm-none-eabi/10.3.1/../../../../arm-none-eabi/lib/thumb/v7e-m+fp/hard/libc_nano.a(lib_a-init.o)
 .ARM.attributes
                0x0000000000000b03       0x34 /opt/st/stm32cubeide_1.11.2/plugins/com.st.stm32cube.ide.mcu.externaltools.gnu-tools-for-stm32.10.3-2021.10.linux64_1.0.200.202301161003/tools/bin/../lib/gcc/arm-none-eabi/10.3.1/../../../../arm-none-eabi/lib/thumb/v7e-m+fp/hard/libc_nano.a(lib_a-malloc.o)
 .ARM.attributes